status=stage30_precision_targets_not_met
level=1 step=1 median_ms=0.515286 median_rhw=0.035393 median_pass=true p95_ms=0.890782 p95_rhw=0.072167 p95_pass=true
level=1 step=2 median_ms=0.465758 median_rhw=0.014249 median_pass=true p95_ms=0.851658 p95_rhw=0.068034 p95_pass=true
level=1 step=3 median_ms=0.449173 median_rhw=0.019460 median_pass=true p95_ms=0.841899 p95_rhw=0.054287 p95_pass=true
level=1 step=4 median_ms=0.444983 median_rhw=0.015216 median_pass=true p95_ms=0.808571 p95_rhw=0.045257 p95_pass=true
level=1 step=5 median_ms=0.441438 median_rhw=0.014897 median_pass=true p95_ms=0.833102 p95_rhw=0.051399 p95_pass=true
level=1 step=6 median_ms=0.434958 median_rhw=0.025475 median_pass=true p95_ms=0.797911 p95_rhw=0.077421 p95_pass=true
level=1 step=7 median_ms=0.434556 median_rhw=0.024205 median_pass=true p95_ms=0.785718 p95_rhw=0.060936 p95_pass=true
level=1 step=8 median_ms=0.437530 median_rhw=0.015336 median_pass=true p95_ms=0.831115 p95_rhw=0.048606 p95_pass=true
level=1 step=9 median_ms=0.435094 median_rhw=0.023701 median_pass=true p95_ms=0.797827 p95_rhw=0.055900 p95_pass=true
level=1 step=10 median_ms=0.435540 median_rhw=0.028598 median_pass=true p95_ms=0.802448 p95_rhw=0.058029 p95_pass=true
level=1 step=11 median_ms=0.434495 median_rhw=0.029374 median_pass=true p95_ms=0.797862 p95_rhw=0.068441 p95_pass=true
level=1 step=12 median_ms=0.413906 median_rhw=0.137716 median_pass=false p95_ms=0.833007 p95_rhw=0.095809 p95_pass=true
level=1 step=13 median_ms=0.413139 median_rhw=0.041667 median_pass=true p95_ms=0.762381 p95_rhw=0.077089 p95_pass=true
level=1 step=14 median_ms=0.429546 median_rhw=0.023893 median_pass=true p95_ms=0.800251 p95_rhw=0.052557 p95_pass=true
level=1 step=15 median_ms=0.434692 median_rhw=0.025691 median_pass=true p95_ms=0.799335 p95_rhw=0.071476 p95_pass=true
level=1 step=16 median_ms=0.436484 median_rhw=0.020472 median_pass=true p95_ms=0.807871 p95_rhw=0.059427 p95_pass=true
level=1 step=17 median_ms=0.424882 median_rhw=0.037443 median_pass=true p95_ms=0.781884 p95_rhw=0.085346 p95_pass=true
level=1 step=18 median_ms=0.416610 median_rhw=0.169124 median_pass=false p95_ms=0.788583 p95_rhw=0.101115 p95_pass=true
level=1 step=19 median_ms=0.439941 median_rhw=0.030591 median_pass=true p95_ms=0.817999 p95_rhw=0.073156 p95_pass=true
level=1 step=20 median_ms=0.475101 median_rhw=0.040018 median_pass=true p95_ms=0.876297 p95_rhw=0.076420 p95_pass=true
level=1 step=21 median_ms=0.429385 median_rhw=0.030659 median_pass=true p95_ms=0.760190 p95_rhw=0.058870 p95_pass=true
level=1 step=22 median_ms=0.430071 median_rhw=0.028183 median_pass=true p95_ms=0.784855 p95_rhw=0.064655 p95_pass=true
level=1 step=23 median_ms=0.426301 median_rhw=0.033333 median_pass=true p95_ms=0.760810 p95_rhw=0.068574 p95_pass=true
level=1 step=24 median_ms=0.432499 median_rhw=0.033826 median_pass=true p95_ms=0.784034 p95_rhw=0.070421 p95_pass=true
level=1 step=25 median_ms=0.425997 median_rhw=0.033955 median_pass=true p95_ms=0.764373 p95_rhw=0.071462 p95_pass=true
level=1 step=26 median_ms=0.428772 median_rhw=0.035921 median_pass=true p95_ms=0.778201 p95_rhw=0.079385 p95_pass=true
level=1 step=27 median_ms=0.424644 median_rhw=0.158560 median_pass=false p95_ms=0.792567 p95_rhw=0.116956 p95_pass=true
level=1 step=28 median_ms=0.436335 median_rhw=0.033425 median_pass=true p95_ms=0.794749 p95_rhw=0.083426 p95_pass=true
level=1 step=29 median_ms=0.425320 median_rhw=0.040299 median_pass=true p95_ms=0.778217 p95_rhw=0.058439 p95_pass=true
level=1 step=30 median_ms=0.433670 median_rhw=0.035601 median_pass=true p95_ms=0.772014 p95_rhw=0.084750 p95_pass=true
level=1 step=31 median_ms=0.436175 median_rhw=0.036228 median_pass=true p95_ms=0.752078 p95_rhw=0.085846 p95_pass=true
level=1 step=32 median_ms=0.432929 median_rhw=0.031946 median_pass=true p95_ms=0.787251 p95_rhw=0.068180 p95_pass=true
level=2 step=1 median_ms=0.520797 median_rhw=0.033713 median_pass=true p95_ms=0.877882 p95_rhw=0.077443 p95_pass=true
level=2 step=2 median_ms=0.467873 median_rhw=0.013600 median_pass=true p95_ms=0.888181 p95_rhw=0.050996 p95_pass=true
level=2 step=3 median_ms=0.449469 median_rhw=0.019156 median_pass=true p95_ms=0.838369 p95_rhw=0.050843 p95_pass=true
level=2 step=4 median_ms=0.448122 median_rhw=0.017398 median_pass=true p95_ms=0.877705 p95_rhw=0.051670 p95_pass=true
level=2 step=5 median_ms=0.442320 median_rhw=0.014233 median_pass=true p95_ms=0.821241 p95_rhw=0.053012 p95_pass=true
level=2 step=6 median_ms=0.435508 median_rhw=0.024958 median_pass=true p95_ms=0.791122 p95_rhw=0.068867 p95_pass=true
level=2 step=7 median_ms=0.433174 median_rhw=0.022252 median_pass=true p95_ms=0.793817 p95_rhw=0.051204 p95_pass=true
level=2 step=8 median_ms=0.492547 median_rhw=0.027918 median_pass=true p95_ms=0.956277 p95_rhw=0.045351 p95_pass=true
level=2 step=9 median_ms=0.443373 median_rhw=0.023338 median_pass=true p95_ms=0.871017 p95_rhw=0.082649 p95_pass=true
level=2 step=10 median_ms=0.434671 median_rhw=0.028941 median_pass=true p95_ms=0.792511 p95_rhw=0.066006 p95_pass=true
level=2 step=11 median_ms=0.434700 median_rhw=0.027159 median_pass=true p95_ms=0.808119 p95_rhw=0.054850 p95_pass=true
level=2 step=12 median_ms=0.415608 median_rhw=0.159315 median_pass=false p95_ms=0.780895 p95_rhw=0.081850 p95_pass=true
level=2 step=13 median_ms=0.413998 median_rhw=0.040699 median_pass=true p95_ms=0.744467 p95_rhw=0.073052 p95_pass=true
level=2 step=14 median_ms=0.431026 median_rhw=0.023862 median_pass=true p95_ms=0.798669 p95_rhw=0.057935 p95_pass=true
level=2 step=15 median_ms=0.434835 median_rhw=0.025848 median_pass=true p95_ms=0.789316 p95_rhw=0.062860 p95_pass=true
level=2 step=16 median_ms=0.436215 median_rhw=0.021164 median_pass=true p95_ms=0.814675 p95_rhw=0.057722 p95_pass=true
level=2 step=17 median_ms=0.428642 median_rhw=0.038189 median_pass=true p95_ms=0.790862 p95_rhw=0.082385 p95_pass=true
level=2 step=18 median_ms=0.417149 median_rhw=0.176057 median_pass=false p95_ms=0.753886 p95_rhw=0.197599 p95_pass=false
level=2 step=19 median_ms=0.434447 median_rhw=0.028384 median_pass=true p95_ms=0.775344 p95_rhw=0.065459 p95_pass=true
level=2 step=20 median_ms=0.432127 median_rhw=0.029704 median_pass=true p95_ms=0.792585 p95_rhw=0.069450 p95_pass=true
level=2 step=21 median_ms=0.421039 median_rhw=0.032938 median_pass=true p95_ms=0.754880 p95_rhw=0.067278 p95_pass=true
level=2 step=22 median_ms=0.426586 median_rhw=0.028485 median_pass=true p95_ms=0.781250 p95_rhw=0.066739 p95_pass=true
level=2 step=23 median_ms=0.427003 median_rhw=0.036186 median_pass=true p95_ms=0.778850 p95_rhw=0.055332 p95_pass=true
level=2 step=24 median_ms=0.430200 median_rhw=0.033657 median_pass=true p95_ms=0.763717 p95_rhw=0.103547 p95_pass=true
level=2 step=25 median_ms=0.425106 median_rhw=0.035061 median_pass=true p95_ms=0.766157 p95_rhw=0.056449 p95_pass=true
level=2 step=26 median_ms=0.434993 median_rhw=0.034084 median_pass=true p95_ms=0.791342 p95_rhw=0.051981 p95_pass=true
level=2 step=27 median_ms=0.427839 median_rhw=0.097975 median_pass=true p95_ms=0.791346 p95_rhw=0.106563 p95_pass=true
level=2 step=28 median_ms=0.436352 median_rhw=0.037178 median_pass=true p95_ms=0.803766 p95_rhw=0.057013 p95_pass=true
level=2 step=29 median_ms=0.425254 median_rhw=0.035652 median_pass=true p95_ms=0.775171 p95_rhw=0.065785 p95_pass=true
level=2 step=30 median_ms=0.431835 median_rhw=0.034285 median_pass=true p95_ms=0.786210 p95_rhw=0.077535 p95_pass=true
level=2 step=31 median_ms=0.433655 median_rhw=0.036006 median_pass=true p95_ms=0.781747 p95_rhw=0.072276 p95_pass=true
level=2 step=32 median_ms=0.439354 median_rhw=0.029030 median_pass=true p95_ms=0.813611 p95_rhw=0.057965 p95_pass=true
level=5 step=1 median_ms=0.528633 median_rhw=0.029621 median_pass=true p95_ms=0.880019 p95_rhw=0.069993 p95_pass=true
level=5 step=2 median_ms=0.468917 median_rhw=0.014591 median_pass=true p95_ms=0.869334 p95_rhw=0.053622 p95_pass=true
level=5 step=3 median_ms=0.451794 median_rhw=0.018877 median_pass=true p95_ms=0.841766 p95_rhw=0.054665 p95_pass=true
level=5 step=4 median_ms=0.445203 median_rhw=0.015771 median_pass=true p95_ms=0.828094 p95_rhw=0.054623 p95_pass=true
level=5 step=5 median_ms=0.443366 median_rhw=0.014476 median_pass=true p95_ms=0.833922 p95_rhw=0.051573 p95_pass=true
level=5 step=6 median_ms=0.438193 median_rhw=0.023005 median_pass=true p95_ms=0.822187 p95_rhw=0.063796 p95_pass=true
level=5 step=7 median_ms=0.434966 median_rhw=0.021213 median_pass=true p95_ms=0.797166 p95_rhw=0.067619 p95_pass=true
level=5 step=8 median_ms=0.437939 median_rhw=0.015023 median_pass=true p95_ms=0.802468 p95_rhw=0.053875 p95_pass=true
level=5 step=9 median_ms=0.434759 median_rhw=0.021104 median_pass=true p95_ms=0.812454 p95_rhw=0.051282 p95_pass=true
level=5 step=10 median_ms=0.434073 median_rhw=0.028132 median_pass=true p95_ms=0.807103 p95_rhw=0.064030 p95_pass=true
level=5 step=11 median_ms=0.434447 median_rhw=0.028597 median_pass=true p95_ms=0.813639 p95_rhw=0.072964 p95_pass=true
level=5 step=12 median_ms=0.412486 median_rhw=0.163224 median_pass=false p95_ms=0.760288 p95_rhw=0.106252 p95_pass=true
level=5 step=13 median_ms=0.412781 median_rhw=0.045548 median_pass=true p95_ms=0.734715 p95_rhw=0.098459 p95_pass=true
level=5 step=14 median_ms=0.428816 median_rhw=0.022547 median_pass=true p95_ms=0.818213 p95_rhw=0.051189 p95_pass=true
level=5 step=15 median_ms=0.431893 median_rhw=0.025460 median_pass=true p95_ms=0.808673 p95_rhw=0.062876 p95_pass=true
level=5 step=16 median_ms=0.434867 median_rhw=0.022087 median_pass=true p95_ms=0.788301 p95_rhw=0.062828 p95_pass=true
level=5 step=17 median_ms=0.423485 median_rhw=0.038374 median_pass=true p95_ms=0.767630 p95_rhw=0.078048 p95_pass=true
level=5 step=18 median_ms=0.418465 median_rhw=0.173111 median_pass=false p95_ms=0.775528 p95_rhw=0.135051 p95_pass=true
level=5 step=19 median_ms=0.431692 median_rhw=0.028288 median_pass=true p95_ms=0.772388 p95_rhw=0.054498 p95_pass=true
level=5 step=20 median_ms=0.428192 median_rhw=0.028557 median_pass=true p95_ms=0.786143 p95_rhw=0.060878 p95_pass=true
level=5 step=21 median_ms=0.421941 median_rhw=0.032463 median_pass=true p95_ms=0.746022 p95_rhw=0.067748 p95_pass=true
level=5 step=22 median_ms=0.426774 median_rhw=0.027836 median_pass=true p95_ms=0.780224 p95_rhw=0.073119 p95_pass=true
level=5 step=23 median_ms=0.423328 median_rhw=0.030681 median_pass=true p95_ms=0.752722 p95_rhw=0.098549 p95_pass=true
level=5 step=24 median_ms=0.429218 median_rhw=0.032033 median_pass=true p95_ms=0.781127 p95_rhw=0.087705 p95_pass=true
level=5 step=25 median_ms=0.421767 median_rhw=0.035065 median_pass=true p95_ms=0.772088 p95_rhw=0.082923 p95_pass=true
level=5 step=26 median_ms=0.425646 median_rhw=0.038857 median_pass=true p95_ms=0.795539 p95_rhw=0.089957 p95_pass=true
level=5 step=27 median_ms=0.422630 median_rhw=0.141360 median_pass=false p95_ms=0.774191 p95_rhw=0.109022 p95_pass=true
level=5 step=28 median_ms=0.433231 median_rhw=0.034254 median_pass=true p95_ms=0.785512 p95_rhw=0.059413 p95_pass=true
level=5 step=29 median_ms=0.422857 median_rhw=0.037227 median_pass=true p95_ms=0.784176 p95_rhw=0.066554 p95_pass=true
level=5 step=30 median_ms=0.430098 median_rhw=0.034827 median_pass=true p95_ms=0.782199 p95_rhw=0.083059 p95_pass=true
level=5 step=31 median_ms=0.433483 median_rhw=0.034286 median_pass=true p95_ms=0.779832 p95_rhw=0.084074 p95_pass=true
level=5 step=32 median_ms=0.432631 median_rhw=0.031589 median_pass=true p95_ms=0.807257 p95_rhw=0.057924 p95_pass=true
level=10 step=1 median_ms=0.534825 median_rhw=0.027500 median_pass=true p95_ms=0.887566 p95_rhw=0.064471 p95_pass=true
level=10 step=2 median_ms=0.472208 median_rhw=0.014384 median_pass=true p95_ms=0.862832 p95_rhw=0.059816 p95_pass=true
level=10 step=3 median_ms=0.449302 median_rhw=0.019615 median_pass=true p95_ms=0.827502 p95_rhw=0.058527 p95_pass=true
level=10 step=4 median_ms=0.445416 median_rhw=0.016921 median_pass=true p95_ms=0.843193 p95_rhw=0.057798 p95_pass=true
level=10 step=5 median_ms=0.442387 median_rhw=0.015027 median_pass=true p95_ms=0.830100 p95_rhw=0.044520 p95_pass=true
level=10 step=6 median_ms=0.437296 median_rhw=0.024127 median_pass=true p95_ms=0.820469 p95_rhw=0.069671 p95_pass=true
level=10 step=7 median_ms=0.434316 median_rhw=0.022595 median_pass=true p95_ms=0.813667 p95_rhw=0.063693 p95_pass=true
level=10 step=8 median_ms=0.437508 median_rhw=0.015276 median_pass=true p95_ms=0.810138 p95_rhw=0.047981 p95_pass=true
level=10 step=9 median_ms=0.434848 median_rhw=0.024502 median_pass=true p95_ms=0.806932 p95_rhw=0.064430 p95_pass=true
level=10 step=10 median_ms=0.434883 median_rhw=0.027177 median_pass=true p95_ms=0.799557 p95_rhw=0.060613 p95_pass=true
level=10 step=11 median_ms=0.434350 median_rhw=0.028216 median_pass=true p95_ms=0.817460 p95_rhw=0.056840 p95_pass=true
level=10 step=12 median_ms=0.414418 median_rhw=0.162338 median_pass=false p95_ms=0.752795 p95_rhw=0.096243 p95_pass=true
level=10 step=13 median_ms=0.412339 median_rhw=0.040753 median_pass=true p95_ms=0.748405 p95_rhw=0.073284 p95_pass=true
level=10 step=14 median_ms=0.430787 median_rhw=0.022395 median_pass=true p95_ms=0.785617 p95_rhw=0.055922 p95_pass=true
level=10 step=15 median_ms=0.434074 median_rhw=0.023939 median_pass=true p95_ms=0.789955 p95_rhw=0.054598 p95_pass=true
level=10 step=16 median_ms=0.433925 median_rhw=0.020710 median_pass=true p95_ms=0.788792 p95_rhw=0.064663 p95_pass=true
level=10 step=17 median_ms=0.424120 median_rhw=0.038076 median_pass=true p95_ms=0.760405 p95_rhw=0.065324 p95_pass=true
level=10 step=18 median_ms=0.418354 median_rhw=0.170232 median_pass=false p95_ms=0.766666 p95_rhw=0.165086 p95_pass=false
level=10 step=19 median_ms=0.432939 median_rhw=0.028569 median_pass=true p95_ms=0.791745 p95_rhw=0.079318 p95_pass=true
level=10 step=20 median_ms=0.429100 median_rhw=0.029161 median_pass=true p95_ms=0.780003 p95_rhw=0.076365 p95_pass=true
level=10 step=21 median_ms=0.422148 median_rhw=0.032887 median_pass=true p95_ms=0.758486 p95_rhw=0.069705 p95_pass=true
level=10 step=22 median_ms=0.425385 median_rhw=0.030440 median_pass=true p95_ms=0.768496 p95_rhw=0.057448 p95_pass=true
level=10 step=23 median_ms=0.423132 median_rhw=0.031134 median_pass=true p95_ms=0.760464 p95_rhw=0.056773 p95_pass=true
level=10 step=24 median_ms=0.429677 median_rhw=0.030029 median_pass=true p95_ms=0.766867 p95_rhw=0.090193 p95_pass=true
level=10 step=25 median_ms=0.424285 median_rhw=0.033919 median_pass=true p95_ms=0.783515 p95_rhw=0.073077 p95_pass=true
level=10 step=26 median_ms=0.427519 median_rhw=0.038101 median_pass=true p95_ms=0.789959 p95_rhw=0.072027 p95_pass=true
level=10 step=27 median_ms=0.421729 median_rhw=0.166789 median_pass=false p95_ms=0.800860 p95_rhw=0.126428 p95_pass=true
level=10 step=28 median_ms=0.432446 median_rhw=0.034538 median_pass=true p95_ms=0.811936 p95_rhw=0.064619 p95_pass=true
level=10 step=29 median_ms=0.422815 median_rhw=0.036791 median_pass=true p95_ms=0.771162 p95_rhw=0.070910 p95_pass=true
level=10 step=30 median_ms=0.430043 median_rhw=0.033500 median_pass=true p95_ms=0.768024 p95_rhw=0.085883 p95_pass=true
level=10 step=31 median_ms=0.434117 median_rhw=0.035377 median_pass=true p95_ms=0.783518 p95_rhw=0.068544 p95_pass=true
level=10 step=32 median_ms=0.432574 median_rhw=0.031867 median_pass=true p95_ms=0.799891 p95_rhw=0.066537 p95_pass=true
level=20 step=1 median_ms=0.540829 median_rhw=0.027281 median_pass=true p95_ms=0.906312 p95_rhw=0.055780 p95_pass=true
level=20 step=2 median_ms=0.470391 median_rhw=0.014512 median_pass=true p95_ms=0.857720 p95_rhw=0.051309 p95_pass=true
level=20 step=3 median_ms=0.450153 median_rhw=0.020243 median_pass=true p95_ms=0.842691 p95_rhw=0.054446 p95_pass=true
level=20 step=4 median_ms=0.446576 median_rhw=0.016981 median_pass=true p95_ms=0.822149 p95_rhw=0.056543 p95_pass=true
level=20 step=5 median_ms=0.441993 median_rhw=0.014590 median_pass=true p95_ms=0.801240 p95_rhw=0.051638 p95_pass=true
level=20 step=6 median_ms=0.437442 median_rhw=0.022752 median_pass=true p95_ms=0.795295 p95_rhw=0.070668 p95_pass=true
level=20 step=7 median_ms=0.434617 median_rhw=0.021948 median_pass=true p95_ms=0.795404 p95_rhw=0.054212 p95_pass=true
level=20 step=8 median_ms=0.438929 median_rhw=0.015253 median_pass=true p95_ms=0.837095 p95_rhw=0.054087 p95_pass=true
level=20 step=9 median_ms=0.437147 median_rhw=0.023924 median_pass=true p95_ms=0.823560 p95_rhw=0.062946 p95_pass=true
level=20 step=10 median_ms=0.436217 median_rhw=0.028207 median_pass=true p95_ms=0.805853 p95_rhw=0.068073 p95_pass=true
level=20 step=11 median_ms=0.435702 median_rhw=0.027439 median_pass=true p95_ms=0.810581 p95_rhw=0.056569 p95_pass=true
level=20 step=12 median_ms=0.414478 median_rhw=0.159277 median_pass=false p95_ms=0.746052 p95_rhw=0.092002 p95_pass=true
level=20 step=13 median_ms=0.415513 median_rhw=0.038116 median_pass=true p95_ms=0.737785 p95_rhw=0.126609 p95_pass=true
level=20 step=14 median_ms=0.432615 median_rhw=0.022652 median_pass=true p95_ms=0.816779 p95_rhw=0.057390 p95_pass=true
level=20 step=15 median_ms=0.434386 median_rhw=0.023546 median_pass=true p95_ms=0.826279 p95_rhw=0.063167 p95_pass=true
level=20 step=16 median_ms=0.436912 median_rhw=0.020181 median_pass=true p95_ms=0.784452 p95_rhw=0.058028 p95_pass=true
level=20 step=17 median_ms=0.426019 median_rhw=0.037557 median_pass=true p95_ms=0.781452 p95_rhw=0.077325 p95_pass=true
level=20 step=18 median_ms=0.419430 median_rhw=0.173264 median_pass=false p95_ms=0.775494 p95_rhw=0.139131 p95_pass=true
level=20 step=19 median_ms=0.436146 median_rhw=0.026587 median_pass=true p95_ms=0.774481 p95_rhw=0.067353 p95_pass=true
level=20 step=20 median_ms=0.431627 median_rhw=0.028758 median_pass=true p95_ms=0.777008 p95_rhw=0.054838 p95_pass=true
level=20 step=21 median_ms=0.422257 median_rhw=0.034348 median_pass=true p95_ms=0.745567 p95_rhw=0.050760 p95_pass=true
level=20 step=22 median_ms=0.429833 median_rhw=0.028679 median_pass=true p95_ms=0.794428 p95_rhw=0.063562 p95_pass=true
level=20 step=23 median_ms=0.424374 median_rhw=0.031347 median_pass=true p95_ms=0.740160 p95_rhw=0.077173 p95_pass=true
level=20 step=24 median_ms=0.432306 median_rhw=0.031525 median_pass=true p95_ms=0.764884 p95_rhw=0.066856 p95_pass=true
level=20 step=25 median_ms=0.425850 median_rhw=0.032246 median_pass=true p95_ms=0.761066 p95_rhw=0.066136 p95_pass=true
level=20 step=26 median_ms=0.429571 median_rhw=0.034125 median_pass=true p95_ms=0.786774 p95_rhw=0.063212 p95_pass=true
level=20 step=27 median_ms=0.424447 median_rhw=0.164113 median_pass=false p95_ms=0.749388 p95_rhw=0.166638 p95_pass=false
level=20 step=28 median_ms=0.434534 median_rhw=0.035026 median_pass=true p95_ms=0.800096 p95_rhw=0.074158 p95_pass=true
level=20 step=29 median_ms=0.424613 median_rhw=0.037644 median_pass=true p95_ms=0.762952 p95_rhw=0.053827 p95_pass=true
level=20 step=30 median_ms=0.432509 median_rhw=0.034870 median_pass=true p95_ms=0.775156 p95_rhw=0.065110 p95_pass=true
level=20 step=31 median_ms=0.436481 median_rhw=0.036734 median_pass=true p95_ms=0.766986 p95_rhw=0.065855 p95_pass=true
level=20 step=32 median_ms=0.434999 median_rhw=0.029868 median_pass=true p95_ms=0.776034 p95_rhw=0.049029 p95_pass=true
level=50 step=1 median_ms=0.543224 median_rhw=0.031227 median_pass=true p95_ms=0.915130 p95_rhw=0.064070 p95_pass=true
level=50 step=2 median_ms=0.472461 median_rhw=0.016334 median_pass=true p95_ms=0.856670 p95_rhw=0.056881 p95_pass=true
level=50 step=3 median_ms=0.452115 median_rhw=0.021803 median_pass=true p95_ms=0.817240 p95_rhw=0.050206 p95_pass=true
level=50 step=4 median_ms=0.445362 median_rhw=0.018384 median_pass=true p95_ms=0.818881 p95_rhw=0.053056 p95_pass=true
level=50 step=5 median_ms=0.443329 median_rhw=0.015001 median_pass=true p95_ms=0.834390 p95_rhw=0.053120 p95_pass=true
level=50 step=6 median_ms=0.437852 median_rhw=0.023384 median_pass=true p95_ms=0.791217 p95_rhw=0.056766 p95_pass=true
level=50 step=7 median_ms=0.434912 median_rhw=0.022281 median_pass=true p95_ms=0.779511 p95_rhw=0.044436 p95_pass=true
level=50 step=8 median_ms=0.438485 median_rhw=0.015739 median_pass=true p95_ms=0.822245 p95_rhw=0.049337 p95_pass=true
level=50 step=9 median_ms=0.434542 median_rhw=0.023705 median_pass=true p95_ms=0.817190 p95_rhw=0.050405 p95_pass=true
level=50 step=10 median_ms=0.434965 median_rhw=0.028747 median_pass=true p95_ms=0.805985 p95_rhw=0.063746 p95_pass=true
level=50 step=11 median_ms=0.435285 median_rhw=0.029383 median_pass=true p95_ms=0.782361 p95_rhw=0.062737 p95_pass=true
level=50 step=12 median_ms=0.414163 median_rhw=0.156889 median_pass=false p95_ms=0.752693 p95_rhw=0.122345 p95_pass=true
level=50 step=13 median_ms=0.414128 median_rhw=0.042187 median_pass=true p95_ms=0.746312 p95_rhw=0.053750 p95_pass=true
level=50 step=14 median_ms=0.430654 median_rhw=0.022431 median_pass=true p95_ms=0.797223 p95_rhw=0.051462 p95_pass=true
level=50 step=15 median_ms=0.434316 median_rhw=0.026438 median_pass=true p95_ms=0.793342 p95_rhw=0.065408 p95_pass=true
level=50 step=16 median_ms=0.436827 median_rhw=0.021201 median_pass=true p95_ms=0.825346 p95_rhw=0.056503 p95_pass=true
level=50 step=17 median_ms=0.425211 median_rhw=0.037286 median_pass=true p95_ms=0.787633 p95_rhw=0.081901 p95_pass=true
level=50 step=18 median_ms=0.419551 median_rhw=0.174053 median_pass=false p95_ms=0.771835 p95_rhw=0.143492 p95_pass=true
level=50 step=19 median_ms=0.436729 median_rhw=0.029451 median_pass=true p95_ms=0.787310 p95_rhw=0.053532 p95_pass=true
level=50 step=20 median_ms=0.432470 median_rhw=0.031741 median_pass=true p95_ms=0.785666 p95_rhw=0.069943 p95_pass=true
level=50 step=21 median_ms=0.424334 median_rhw=0.033269 median_pass=true p95_ms=0.768557 p95_rhw=0.073577 p95_pass=true
level=50 step=22 median_ms=0.430045 median_rhw=0.029137 median_pass=true p95_ms=0.792266 p95_rhw=0.061880 p95_pass=true
level=50 step=23 median_ms=0.425829 median_rhw=0.032167 median_pass=true p95_ms=0.753826 p95_rhw=0.049902 p95_pass=true
level=50 step=24 median_ms=0.433190 median_rhw=0.033320 median_pass=true p95_ms=0.779246 p95_rhw=0.069126 p95_pass=true
level=50 step=25 median_ms=0.426920 median_rhw=0.033350 median_pass=true p95_ms=0.775150 p95_rhw=0.066308 p95_pass=true
level=50 step=26 median_ms=0.429673 median_rhw=0.037004 median_pass=true p95_ms=0.766246 p95_rhw=0.087247 p95_pass=true
level=50 step=27 median_ms=0.425819 median_rhw=0.157890 median_pass=false p95_ms=0.771368 p95_rhw=0.109984 p95_pass=true
level=50 step=28 median_ms=0.434489 median_rhw=0.034142 median_pass=true p95_ms=0.794124 p95_rhw=0.067023 p95_pass=true
level=50 step=29 median_ms=0.425855 median_rhw=0.036504 median_pass=true p95_ms=0.783055 p95_rhw=0.080984 p95_pass=true
level=50 step=30 median_ms=0.434410 median_rhw=0.035330 median_pass=true p95_ms=0.771614 p95_rhw=0.047659 p95_pass=true
level=50 step=31 median_ms=0.436482 median_rhw=0.035611 median_pass=true p95_ms=0.765441 p95_rhw=0.080890 p95_pass=true
level=50 step=32 median_ms=0.435169 median_rhw=0.030870 median_pass=true p95_ms=0.767231 p95_rhw=0.068481 p95_pass=true
all_median_targets_met=false
all_p95_targets_met=false
all_precision_targets_met=false
failing_cell_count=17
stage30_sufficient=false
post_stage30_review_required=true
next_stage=SA3_stage_30_precision_limit_review
report_json=/workspaces/sa5_stage30_final_precision_persist_20260813T021634Z/reports/article_experiments/sensitivity/e3_controlled_execution/audits/objective_count/timing_stage30/precision_analysis/sa5_stage30_precision_report.json
intervals_csv=/workspaces/sa5_stage30_final_precision_persist_20260813T021634Z/reports/article_experiments/sensitivity/e3_controlled_execution/audits/objective_count/timing_stage30/precision_analysis/sa5_stage30_precision_intervals.csv
