=== R3-E14 D7.2 gate-only / NVAC-probe compatibility preflight ONE SHOT NO MEASUREMENT ===
PURPOSE=execute_exact_D7_1_authorized_nonmeasured_gate_path_preflight
PARENT_D7_1=6a02b47019f7c74f4bdb17226cbf1e74cd6f1380
D7_MEASURED_ATTEMPT_CONSUMED=false
RUN_PRIMARY_ALLOWED=false
FULL_EXECUTE_ALLOWED=false
MEASUREMENT_ALLOWED=false
EFFECT_ANALYSIS_ALLOWED=false
MEASURED_RECEIPT_INGESTION_ALLOWED=false
SCIENTIFIC_FINAL_FREEZE_ALLOWED=false
AUTOMATIC_RETRY_ALLOWED=false
AUTOMATIC_RERUN_ALLOWED=false
AUTOMATIC_RESUME_ALLOWED=false
FALLBACK_ALLOWED=false
=== 1. Exact D7.1 Git authority / clean repository ===
current_branch=paper/nh-r3-end-to-end-resource-benchmark-20260820T193919Z
local_head=6a02b47019f7c74f4bdb17226cbf1e74cd6f1380
remote_head=6a02b47019f7c74f4bdb17226cbf1e74cd6f1380
d7_1_parent=bba038cf8467beb44f4351daeda470b6f7c09299
A	reports/article_experiments/nh_r3_end_to_end_resource_benchmark/config/r3_e14_d7_1_gate_only_probe_preflight_authorization.json
d7_1_git_authority_gate=PASS
=== 2. Re-authenticate D7.1 and preserved D7 authorization ===
d7_1_authorization_sha256=397a554036fe450c90f139b9d59362341fb447074d0f5ef263864412246a0d58
d7_authorization_sha256=d81030dd33417707ff8f3d2643d764e1896f1da968c640ae9c82e3609ca167fe
d7_1_authorization_blob=bddf77cb84568a826287352d7740f9667c3a956e
d7_1_authorization_semantic_gate=PASS
=== 3. Re-authenticate exact frozen source stack ===
frozen_e11_executor_sha256=e2bd0a914fa628c80a605fdf685eea1e3bf0f985a840a5c6b3089283262c4e65
d3_compat_runner_sha256=ba338cfb3291f652658d1fb141881dd45c029ee2b83be7ab051dc7512ca239ed
d3_physicalizer_sha256=dd8db8ffffc571a9c393015383cce01411d35dcbcc6a334e53d4db3d2080a8ed
e11_measurement_app_sha256=dddc06be544aa630550fad3e6120ac9763b1ccf58db1f0cd2d7d40830762f9eb
e11_static_contract_sha256=12db02baedc225c79b3f618dc55b9be57681333e01013c595afe8bd3307ccbd3
mcad_api_app_sha256=f5b4ab5e41ac416f51e1db5649836ed2046b0243b80ce6ceb53444b01cb66c28
mcad_proxy_app_sha256=9c376b9fd28da9ef017090abd09926a424deb9b9905451979dcfc2c0ce92d326
frozen_source_stack_gate=PASS
=== 4. Output nonexistence gate BEFORE runtime action / query ===
run_id=r3e_e14_d7_2_gate_probe_preflight_20260902T222725Z
output_dir=/workspaces/MCAD_R3E_XMLA_ISOLATED_RUNTIME_b88cc576ec54/r3e_e14_d7_2_gate_probe_preflight_20260902T222725Z
console_log=/workspaces/MCAD_R3E_XMLA_ISOLATED_RUNTIME_b88cc576ec54/r3e_e14_d7_2_gate_probe_preflight_20260902T222725Z.console.log
output_nonexistence_gate=PASS
=== 5. Exact runtime identity; inspect-only first, same-container start only if stopped ===
sqlserver_container_id=d2261a8631dc101de0db0ae125e1fa639852678ccbf5ef88057decd5a34d9ce0
sqlserver_image_id=sha256:ba4c8329f48fb8f02e1416be6a930ebfd71268caee78aa985f3af4315e457c89
sqlserver_running_pre=true
emondrian_container_id=01091951115bfc8a924fbc3e54b57531b235ad5b5c3c3c1abb042318e4a24c6b
emondrian_image_id=sha256:77d2d5395e902b28368bdc0357d9a1a6d928c415af160425248df5d2d0697a69
emondrian_running_pre=true
mcad_api_container_id=7af54b420f9348163d0a68ebc19804cd9b367d5771ad6cb85861ae97936a4dff
mcad_api_image_id=sha256:7648c28b5e974a9a1e972c7d42fbfb3d20a181f821a97197f460ed77662b7840
mcad_api_running_pre=true
mcad_proxy_container_id=21924b8ec521a0c769120d403c6b46e911341e9aeed77df391e313a21b7bdccc
mcad_proxy_image_id=sha256:492ebe93459255dd81a836503dc376e46c4b29a12eb3f5f549d83943e93fe14a
mcad_proxy_running_pre=true
network_id=bccdaa7d3989351726eb75d260a6a4083ee057bfee50063884b51ba427323f33
sql_volume=mcad-r3e-xmla1_r3e_sql_data
api_mount_identity_gate=PASS
sqlserver_started_by_d7_2=false
emondrian_started_by_d7_2=false
mcad_api_started_by_d7_2=false
mcad_proxy_started_by_d7_2=false
same_exact_container_reactivation_performed=false
sqlserver_post_container_id=d2261a8631dc101de0db0ae125e1fa639852678ccbf5ef88057decd5a34d9ce0
sqlserver_post_image_id=sha256:ba4c8329f48fb8f02e1416be6a930ebfd71268caee78aa985f3af4315e457c89
sqlserver_post_running_pre=true
emondrian_post_container_id=01091951115bfc8a924fbc3e54b57531b235ad5b5c3c3c1abb042318e4a24c6b
emondrian_post_image_id=sha256:77d2d5395e902b28368bdc0357d9a1a6d928c415af160425248df5d2d0697a69
emondrian_post_running_pre=true
mcad_api_post_container_id=7af54b420f9348163d0a68ebc19804cd9b367d5771ad6cb85861ae97936a4dff
mcad_api_post_image_id=sha256:7648c28b5e974a9a1e972c7d42fbfb3d20a181f821a97197f460ed77662b7840
mcad_api_post_running_pre=true
mcad_proxy_post_container_id=21924b8ec521a0c769120d403c6b46e911341e9aeed77df391e313a21b7bdccc
mcad_proxy_post_image_id=sha256:492ebe93459255dd81a836503dc376e46c4b29a12eb3f5f549d83943e93fe14a
mcad_proxy_post_running_pre=true
runtime_identity_gate=PASS
=== 6. Single-shot mechanical health GETs (not experimental backend queries) ===
mcad_api_health_http_status=200
mcad_proxy_health_http_status=200
health_get_request_count=2
single_shot_health_gate=PASS
=== 7. Materialize external D7.2 output and execute EXACT 7 direct probes + 7 fresh sessions + 7 gate-only ===
d7_2_template_pass ordinal=1 template_id=AW_ATOM_COST direct_adapter=xmla_mondrian gate_decision=ALLOW nvac_backend_requests=0
d7_2_template_pass ordinal=2 template_id=AW_ATOM_MARGIN direct_adapter=xmla_mondrian gate_decision=ALLOW nvac_backend_requests=1
d7_2_template_pass ordinal=3 template_id=AW_ATOM_SALES direct_adapter=xmla_mondrian gate_decision=ALLOW nvac_backend_requests=1
d7_2_template_pass ordinal=4 template_id=AW_BAD_GRAIN_YEAR direct_adapter=xmla_mondrian gate_decision=BLOCK nvac_backend_requests=1
d7_2_template_pass ordinal=5 template_id=AW_DISTRACTOR_ACCESSORIES_SALES direct_adapter=xmla_mondrian gate_decision=BLOCK nvac_backend_requests=1
d7_2_template_pass ordinal=6 template_id=AW_MIX_ACCESSORIES_SALES_COST direct_adapter=xmla_mondrian gate_decision=BLOCK nvac_backend_requests=1
d7_2_template_pass ordinal=7 template_id=AW_PAIR_SALES_COST direct_adapter=xmla_mondrian gate_decision=ALLOW nvac_backend_requests=1
d7_2_preflight_summary=PASS
=== 8. Read-only postvalidation of D7.2 raw preflight output ===
d7_2_raw_postvalidation=PASS
d7_2_preflight_summary_sha256=62b4efe847e2b010dcdf149b30fc3c3524f5a74ae99fc8f4ae7191e72f1b7bc8
d7_2_request_manifest_sha256=1feafe6091d7991765a40e204cba34ac670b18426534126fc482021efbd4acd9
d7_2_console_log_sha256=b938b46dcbb075977499c0c65a28e42b8cad118f51e6298c8c78b6043250f9ab
=== 9. Final scientific boundary ===
direct_nvac_probe_requests_executed=7
fresh_session_create_requests_executed=7
gate_only_requests_executed=7
full_execute_requests_executed=0
run_primary_executed=false
measurement_executed=false
measurement_result_produced=false
effect_analysis_executed=false
measured_receipt_ingestion_executed=false
scientific_final_freeze_executed=false
d7_fresh_measured_attempt_consumed=false
repository_mutated=false
git_commit_executed=false
git_push_executed=false
automatic_retry_executed=false
automatic_rerun_executed=false
automatic_resume_executed=false
D8_CLEARANCE=BLOCKED_PENDING_SEPARATE_D7_3_FREEZE
R3E_E14_D7_2_GATE_PROBE_PREFLIGHT=PASS_RAW_PREFLIGHT_COMPLETE_NO_MEASUREMENT_PENDING_FREEZE
NEXT=RETURN_FULL_OUTPUT_FOR_R3_E14_D7_3_FREEZE_GATE_ONLY_NVAC_PROBE_PREFLIGHT_NO_MEASUREMENT
=== STOP ===
