status=stage20_precision_targets_not_met
level=1 step=1 median_ms=0.523875 median_rhw=0.025280 median_pass=true p95_ms=0.925339 p95_rhw=0.069993 p95_pass=true
level=1 step=2 median_ms=0.464743 median_rhw=0.014957 median_pass=true p95_ms=0.863092 p95_rhw=0.073984 p95_pass=true
level=1 step=3 median_ms=0.448632 median_rhw=0.022340 median_pass=true p95_ms=0.828841 p95_rhw=0.062229 p95_pass=true
level=1 step=4 median_ms=0.444996 median_rhw=0.017951 median_pass=true p95_ms=0.819858 p95_rhw=0.054544 p95_pass=true
level=1 step=5 median_ms=0.440732 median_rhw=0.017351 median_pass=true p95_ms=0.834505 p95_rhw=0.061472 p95_pass=true
level=1 step=6 median_ms=0.432515 median_rhw=0.040783 median_pass=true p95_ms=0.810154 p95_rhw=0.102831 p95_pass=true
level=1 step=7 median_ms=0.433176 median_rhw=0.028278 median_pass=true p95_ms=0.785838 p95_rhw=0.066583 p95_pass=true
level=1 step=8 median_ms=0.436249 median_rhw=0.023533 median_pass=true p95_ms=0.836209 p95_rhw=0.059834 p95_pass=true
level=1 step=9 median_ms=0.430503 median_rhw=0.031348 median_pass=true p95_ms=0.794155 p95_rhw=0.087042 p95_pass=true
level=1 step=10 median_ms=0.434031 median_rhw=0.041271 median_pass=true p95_ms=0.808814 p95_rhw=0.075207 p95_pass=true
level=1 step=11 median_ms=0.435472 median_rhw=0.028868 median_pass=true p95_ms=0.805676 p95_rhw=0.080896 p95_pass=true
level=1 step=12 median_ms=0.418272 median_rhw=0.123622 median_pass=false p95_ms=0.836271 p95_rhw=0.123235 p95_pass=true
level=1 step=13 median_ms=0.409507 median_rhw=0.136995 median_pass=false p95_ms=0.736802 p95_rhw=0.123980 p95_pass=true
level=1 step=14 median_ms=0.429764 median_rhw=0.025498 median_pass=true p95_ms=0.813390 p95_rhw=0.057654 p95_pass=true
level=1 step=15 median_ms=0.433195 median_rhw=0.036116 median_pass=true p95_ms=0.811872 p95_rhw=0.096060 p95_pass=true
level=1 step=16 median_ms=0.434140 median_rhw=0.025114 median_pass=true p95_ms=0.806134 p95_rhw=0.068221 p95_pass=true
level=1 step=17 median_ms=0.422882 median_rhw=0.040995 median_pass=true p95_ms=0.765297 p95_rhw=0.099657 p95_pass=true
level=1 step=18 median_ms=0.417264 median_rhw=0.180875 median_pass=false p95_ms=0.783165 p95_rhw=0.201140 p95_pass=false
level=1 step=19 median_ms=0.437731 median_rhw=0.033081 median_pass=true p95_ms=0.796619 p95_rhw=0.094721 p95_pass=true
level=1 step=20 median_ms=0.483963 median_rhw=0.041460 median_pass=true p95_ms=0.901624 p95_rhw=0.082483 p95_pass=true
level=1 step=21 median_ms=0.430968 median_rhw=0.032125 median_pass=true p95_ms=0.753460 p95_rhw=0.108418 p95_pass=true
level=1 step=22 median_ms=0.423741 median_rhw=0.121127 median_pass=false p95_ms=0.769723 p95_rhw=0.116294 p95_pass=true
level=1 step=23 median_ms=0.420990 median_rhw=0.098755 median_pass=true p95_ms=0.732823 p95_rhw=0.202393 p95_pass=false
level=1 step=24 median_ms=0.433300 median_rhw=0.039513 median_pass=true p95_ms=0.790547 p95_rhw=0.101339 p95_pass=true
level=1 step=25 median_ms=0.429831 median_rhw=0.036984 median_pass=true p95_ms=0.786249 p95_rhw=0.075624 p95_pass=true
level=1 step=26 median_ms=0.432395 median_rhw=0.070731 median_pass=true p95_ms=0.772588 p95_rhw=0.159709 p95_pass=false
level=1 step=27 median_ms=0.441654 median_rhw=0.043637 median_pass=true p95_ms=0.848895 p95_rhw=0.099804 p95_pass=true
level=1 step=28 median_ms=0.432839 median_rhw=0.049919 median_pass=true p95_ms=0.786832 p95_rhw=0.189829 p95_pass=false
level=1 step=29 median_ms=0.424955 median_rhw=0.051000 median_pass=true p95_ms=0.771351 p95_rhw=0.079450 p95_pass=true
level=1 step=30 median_ms=0.439706 median_rhw=0.034765 median_pass=true p95_ms=0.794815 p95_rhw=0.077153 p95_pass=true
level=1 step=31 median_ms=0.435860 median_rhw=0.053012 median_pass=true p95_ms=0.750057 p95_rhw=0.227758 p95_pass=false
level=1 step=32 median_ms=0.434902 median_rhw=0.040038 median_pass=true p95_ms=0.803367 p95_rhw=0.085557 p95_pass=true
level=2 step=1 median_ms=0.528854 median_rhw=0.024295 median_pass=true p95_ms=0.920752 p95_rhw=0.064978 p95_pass=true
level=2 step=2 median_ms=0.467213 median_rhw=0.013783 median_pass=true p95_ms=0.882194 p95_rhw=0.057532 p95_pass=true
level=2 step=3 median_ms=0.448169 median_rhw=0.021375 median_pass=true p95_ms=0.842243 p95_rhw=0.066962 p95_pass=true
level=2 step=4 median_ms=0.447420 median_rhw=0.021560 median_pass=true p95_ms=0.869587 p95_rhw=0.066361 p95_pass=true
level=2 step=5 median_ms=0.442559 median_rhw=0.015754 median_pass=true p95_ms=0.833770 p95_rhw=0.057247 p95_pass=true
level=2 step=6 median_ms=0.435954 median_rhw=0.038380 median_pass=true p95_ms=0.801688 p95_rhw=0.096386 p95_pass=true
level=2 step=7 median_ms=0.431196 median_rhw=0.027072 median_pass=true p95_ms=0.786189 p95_rhw=0.067449 p95_pass=true
level=2 step=8 median_ms=0.486884 median_rhw=0.035613 median_pass=true p95_ms=0.941734 p95_rhw=0.054573 p95_pass=true
level=2 step=9 median_ms=0.437852 median_rhw=0.036495 median_pass=true p95_ms=0.862427 p95_rhw=0.113496 p95_pass=true
level=2 step=10 median_ms=0.434370 median_rhw=0.040692 median_pass=true p95_ms=0.779135 p95_rhw=0.089917 p95_pass=true
level=2 step=11 median_ms=0.435527 median_rhw=0.025573 median_pass=true p95_ms=0.809019 p95_rhw=0.066857 p95_pass=true
level=2 step=12 median_ms=0.420736 median_rhw=0.078885 median_pass=true p95_ms=0.785445 p95_rhw=0.095653 p95_pass=true
level=2 step=13 median_ms=0.411049 median_rhw=0.137679 median_pass=false p95_ms=0.734232 p95_rhw=0.128935 p95_pass=true
level=2 step=14 median_ms=0.430940 median_rhw=0.025352 median_pass=true p95_ms=0.811926 p95_rhw=0.057347 p95_pass=true
level=2 step=15 median_ms=0.432994 median_rhw=0.037645 median_pass=true p95_ms=0.809461 p95_rhw=0.077759 p95_pass=true
level=2 step=16 median_ms=0.433845 median_rhw=0.025982 median_pass=true p95_ms=0.808880 p95_rhw=0.067395 p95_pass=true
level=2 step=17 median_ms=0.425820 median_rhw=0.042894 median_pass=true p95_ms=0.788242 p95_rhw=0.109358 p95_pass=true
level=2 step=18 median_ms=0.417332 median_rhw=0.187976 median_pass=false p95_ms=0.745140 p95_rhw=0.227423 p95_pass=false
level=2 step=19 median_ms=0.431480 median_rhw=0.031068 median_pass=true p95_ms=0.768362 p95_rhw=0.083284 p95_pass=true
level=2 step=20 median_ms=0.438113 median_rhw=0.035169 median_pass=true p95_ms=0.814535 p95_rhw=0.083348 p95_pass=true
level=2 step=21 median_ms=0.425115 median_rhw=0.037541 median_pass=true p95_ms=0.749461 p95_rhw=0.111382 p95_pass=true
level=2 step=22 median_ms=0.420927 median_rhw=0.146974 median_pass=false p95_ms=0.774714 p95_rhw=0.084342 p95_pass=true
level=2 step=23 median_ms=0.419500 median_rhw=0.084445 median_pass=true p95_ms=0.774572 p95_rhw=0.115772 p95_pass=true
level=2 step=24 median_ms=0.432321 median_rhw=0.037078 median_pass=true p95_ms=0.759759 p95_rhw=0.208580 p95_pass=false
level=2 step=25 median_ms=0.429889 median_rhw=0.035688 median_pass=true p95_ms=0.777271 p95_rhw=0.093032 p95_pass=true
level=2 step=26 median_ms=0.435813 median_rhw=0.044431 median_pass=true p95_ms=0.787511 p95_rhw=0.101279 p95_pass=true
level=2 step=27 median_ms=0.441057 median_rhw=0.041436 median_pass=true p95_ms=0.846087 p95_rhw=0.106429 p95_pass=true
level=2 step=28 median_ms=0.430284 median_rhw=0.052264 median_pass=true p95_ms=0.775313 p95_rhw=0.100431 p95_pass=true
level=2 step=29 median_ms=0.424431 median_rhw=0.047463 median_pass=true p95_ms=0.771954 p95_rhw=0.112037 p95_pass=true
level=2 step=30 median_ms=0.437438 median_rhw=0.034481 median_pass=true p95_ms=0.807549 p95_rhw=0.082713 p95_pass=true
level=2 step=31 median_ms=0.436430 median_rhw=0.055220 median_pass=true p95_ms=0.792060 p95_rhw=0.198405 p95_pass=false
level=2 step=32 median_ms=0.438782 median_rhw=0.039558 median_pass=true p95_ms=0.811183 p95_rhw=0.081304 p95_pass=true
level=5 step=1 median_ms=0.535939 median_rhw=0.021857 median_pass=true p95_ms=0.909762 p95_rhw=0.062245 p95_pass=true
level=5 step=2 median_ms=0.467630 median_rhw=0.014552 median_pass=true p95_ms=0.881942 p95_rhw=0.057900 p95_pass=true
level=5 step=3 median_ms=0.450728 median_rhw=0.020889 median_pass=true p95_ms=0.860953 p95_rhw=0.058395 p95_pass=true
level=5 step=4 median_ms=0.445360 median_rhw=0.017595 median_pass=true p95_ms=0.814339 p95_rhw=0.063494 p95_pass=true
level=5 step=5 median_ms=0.442933 median_rhw=0.016039 median_pass=true p95_ms=0.833994 p95_rhw=0.063804 p95_pass=true
level=5 step=6 median_ms=0.437522 median_rhw=0.038429 median_pass=true p95_ms=0.852321 p95_rhw=0.080122 p95_pass=true
level=5 step=7 median_ms=0.434081 median_rhw=0.024989 median_pass=true p95_ms=0.799228 p95_rhw=0.080757 p95_pass=true
level=5 step=8 median_ms=0.436638 median_rhw=0.023121 median_pass=true p95_ms=0.817938 p95_rhw=0.073177 p95_pass=true
level=5 step=9 median_ms=0.431118 median_rhw=0.031545 median_pass=true p95_ms=0.809478 p95_rhw=0.071307 p95_pass=true
level=5 step=10 median_ms=0.433793 median_rhw=0.040547 median_pass=true p95_ms=0.808168 p95_rhw=0.087248 p95_pass=true
level=5 step=11 median_ms=0.435604 median_rhw=0.027706 median_pass=true p95_ms=0.825866 p95_rhw=0.083168 p95_pass=true
level=5 step=12 median_ms=0.417850 median_rhw=0.132558 median_pass=false p95_ms=0.774102 p95_rhw=0.153577 p95_pass=false
level=5 step=13 median_ms=0.409957 median_rhw=0.143962 median_pass=false p95_ms=0.723699 p95_rhw=0.139114 p95_pass=true
level=5 step=14 median_ms=0.429037 median_rhw=0.024117 median_pass=true p95_ms=0.823904 p95_rhw=0.060857 p95_pass=true
level=5 step=15 median_ms=0.430817 median_rhw=0.033552 median_pass=true p95_ms=0.795667 p95_rhw=0.081754 p95_pass=true
level=5 step=16 median_ms=0.432265 median_rhw=0.026536 median_pass=true p95_ms=0.778038 p95_rhw=0.080004 p95_pass=true
level=5 step=17 median_ms=0.421160 median_rhw=0.042201 median_pass=true p95_ms=0.767630 p95_rhw=0.099643 p95_pass=true
level=5 step=18 median_ms=0.419149 median_rhw=0.185306 median_pass=false p95_ms=0.782644 p95_rhw=0.218306 p95_pass=false
level=5 step=19 median_ms=0.429744 median_rhw=0.030541 median_pass=true p95_ms=0.758718 p95_rhw=0.060364 p95_pass=true
level=5 step=20 median_ms=0.435800 median_rhw=0.032908 median_pass=true p95_ms=0.799020 p95_rhw=0.079205 p95_pass=true
level=5 step=21 median_ms=0.424802 median_rhw=0.040460 median_pass=true p95_ms=0.735656 p95_rhw=0.120253 p95_pass=true
level=5 step=22 median_ms=0.422538 median_rhw=0.139244 median_pass=false p95_ms=0.764494 p95_rhw=0.134853 p95_pass=true
level=5 step=23 median_ms=0.419345 median_rhw=0.096666 median_pass=true p95_ms=0.732445 p95_rhw=0.261255 p95_pass=false
level=5 step=24 median_ms=0.429654 median_rhw=0.037795 median_pass=true p95_ms=0.787537 p95_rhw=0.133019 p95_pass=true
level=5 step=25 median_ms=0.425760 median_rhw=0.037272 median_pass=true p95_ms=0.788686 p95_rhw=0.099503 p95_pass=true
level=5 step=26 median_ms=0.428702 median_rhw=0.151323 median_pass=false p95_ms=0.818143 p95_rhw=0.142006 p95_pass=true
level=5 step=27 median_ms=0.438464 median_rhw=0.044884 median_pass=true p95_ms=0.839447 p95_rhw=0.093149 p95_pass=true
level=5 step=28 median_ms=0.427604 median_rhw=0.047705 median_pass=true p95_ms=0.784406 p95_rhw=0.108116 p95_pass=true
level=5 step=29 median_ms=0.422864 median_rhw=0.047540 median_pass=true p95_ms=0.781501 p95_rhw=0.087612 p95_pass=true
level=5 step=30 median_ms=0.435414 median_rhw=0.035774 median_pass=true p95_ms=0.782822 p95_rhw=0.100707 p95_pass=true
level=5 step=31 median_ms=0.434489 median_rhw=0.050751 median_pass=true p95_ms=0.797161 p95_rhw=0.201856 p95_pass=false
level=5 step=32 median_ms=0.433993 median_rhw=0.040606 median_pass=true p95_ms=0.829283 p95_rhw=0.071407 p95_pass=true
level=10 step=1 median_ms=0.541922 median_rhw=0.021594 median_pass=true p95_ms=0.920187 p95_rhw=0.065957 p95_pass=true
level=10 step=2 median_ms=0.471028 median_rhw=0.014058 median_pass=true p95_ms=0.866453 p95_rhw=0.067952 p95_pass=true
level=10 step=3 median_ms=0.448469 median_rhw=0.020613 median_pass=true p95_ms=0.825477 p95_rhw=0.058107 p95_pass=true
level=10 step=4 median_ms=0.445409 median_rhw=0.019372 median_pass=true p95_ms=0.844288 p95_rhw=0.061644 p95_pass=true
level=10 step=5 median_ms=0.442265 median_rhw=0.017842 median_pass=true p95_ms=0.823646 p95_rhw=0.056946 p95_pass=true
level=10 step=6 median_ms=0.435445 median_rhw=0.037408 median_pass=true p95_ms=0.829311 p95_rhw=0.090370 p95_pass=true
level=10 step=7 median_ms=0.432021 median_rhw=0.026881 median_pass=true p95_ms=0.799087 p95_rhw=0.082598 p95_pass=true
level=10 step=8 median_ms=0.436061 median_rhw=0.025364 median_pass=true p95_ms=0.798643 p95_rhw=0.064765 p95_pass=true
level=10 step=9 median_ms=0.429275 median_rhw=0.030895 median_pass=true p95_ms=0.806167 p95_rhw=0.085036 p95_pass=true
level=10 step=10 median_ms=0.433916 median_rhw=0.036409 median_pass=true p95_ms=0.783501 p95_rhw=0.092803 p95_pass=true
level=10 step=11 median_ms=0.434883 median_rhw=0.026728 median_pass=true p95_ms=0.810889 p95_rhw=0.061288 p95_pass=true
level=10 step=12 median_ms=0.418590 median_rhw=0.094951 median_pass=true p95_ms=0.763849 p95_rhw=0.141971 p95_pass=true
level=10 step=13 median_ms=0.409052 median_rhw=0.142295 median_pass=false p95_ms=0.729736 p95_rhw=0.142342 p95_pass=true
level=10 step=14 median_ms=0.431319 median_rhw=0.022563 median_pass=true p95_ms=0.791520 p95_rhw=0.066056 p95_pass=true
level=10 step=15 median_ms=0.432612 median_rhw=0.031776 median_pass=true p95_ms=0.777302 p95_rhw=0.082061 p95_pass=true
level=10 step=16 median_ms=0.431207 median_rhw=0.024654 median_pass=true p95_ms=0.775576 p95_rhw=0.095426 p95_pass=true
level=10 step=17 median_ms=0.422640 median_rhw=0.042207 median_pass=true p95_ms=0.757247 p95_rhw=0.077338 p95_pass=true
level=10 step=18 median_ms=0.419270 median_rhw=0.183234 median_pass=false p95_ms=0.765135 p95_rhw=0.236705 p95_pass=false
level=10 step=19 median_ms=0.431071 median_rhw=0.030169 median_pass=true p95_ms=0.761029 p95_rhw=0.101009 p95_pass=true
level=10 step=20 median_ms=0.436547 median_rhw=0.035534 median_pass=true p95_ms=0.820091 p95_rhw=0.088802 p95_pass=true
level=10 step=21 median_ms=0.425155 median_rhw=0.042399 median_pass=true p95_ms=0.746782 p95_rhw=0.123404 p95_pass=true
level=10 step=22 median_ms=0.421004 median_rhw=0.097126 median_pass=true p95_ms=0.765359 p95_rhw=0.105441 p95_pass=true
level=10 step=23 median_ms=0.418723 median_rhw=0.080978 median_pass=true p95_ms=0.730580 p95_rhw=0.184564 p95_pass=false
level=10 step=24 median_ms=0.431482 median_rhw=0.035424 median_pass=true p95_ms=0.781695 p95_rhw=0.119115 p95_pass=true
level=10 step=25 median_ms=0.426510 median_rhw=0.036110 median_pass=true p95_ms=0.798222 p95_rhw=0.085462 p95_pass=true
level=10 step=26 median_ms=0.429262 median_rhw=0.137687 median_pass=false p95_ms=0.809186 p95_rhw=0.141107 p95_pass=true
level=10 step=27 median_ms=0.437824 median_rhw=0.050193 median_pass=true p95_ms=0.854446 p95_rhw=0.108758 p95_pass=true
level=10 step=28 median_ms=0.427609 median_rhw=0.048754 median_pass=true p95_ms=0.782241 p95_rhw=0.142308 p95_pass=true
level=10 step=29 median_ms=0.422801 median_rhw=0.049901 median_pass=true p95_ms=0.773177 p95_rhw=0.097083 p95_pass=true
level=10 step=30 median_ms=0.435681 median_rhw=0.035296 median_pass=true p95_ms=0.801604 p95_rhw=0.085657 p95_pass=true
level=10 step=31 median_ms=0.437348 median_rhw=0.053643 median_pass=true p95_ms=0.783835 p95_rhw=0.148745 p95_pass=true
level=10 step=32 median_ms=0.434377 median_rhw=0.041415 median_pass=true p95_ms=0.826300 p95_rhw=0.080040 p95_pass=true
level=20 step=1 median_ms=0.547330 median_rhw=0.022855 median_pass=true p95_ms=0.922181 p95_rhw=0.056851 p95_pass=true
level=20 step=2 median_ms=0.468765 median_rhw=0.013161 median_pass=true p95_ms=0.857720 p95_rhw=0.061504 p95_pass=true
level=20 step=3 median_ms=0.449387 median_rhw=0.021768 median_pass=true p95_ms=0.843541 p95_rhw=0.060511 p95_pass=true
level=20 step=4 median_ms=0.446787 median_rhw=0.019766 median_pass=true p95_ms=0.836967 p95_rhw=0.063676 p95_pass=true
level=20 step=5 median_ms=0.441964 median_rhw=0.016928 median_pass=true p95_ms=0.804542 p95_rhw=0.058670 p95_pass=true
level=20 step=6 median_ms=0.436053 median_rhw=0.039078 median_pass=true p95_ms=0.818090 p95_rhw=0.090409 p95_pass=true
level=20 step=7 median_ms=0.433242 median_rhw=0.026781 median_pass=true p95_ms=0.791810 p95_rhw=0.068453 p95_pass=true
level=20 step=8 median_ms=0.437361 median_rhw=0.023669 median_pass=true p95_ms=0.839529 p95_rhw=0.058202 p95_pass=true
level=20 step=9 median_ms=0.433314 median_rhw=0.031363 median_pass=true p95_ms=0.827937 p95_rhw=0.082356 p95_pass=true
level=20 step=10 median_ms=0.434488 median_rhw=0.038766 median_pass=true p95_ms=0.810233 p95_rhw=0.086344 p95_pass=true
level=20 step=11 median_ms=0.436563 median_rhw=0.025907 median_pass=true p95_ms=0.810510 p95_rhw=0.063512 p95_pass=true
level=20 step=12 median_ms=0.420625 median_rhw=0.102242 median_pass=false p95_ms=0.757297 p95_rhw=0.125101 p95_pass=true
level=20 step=13 median_ms=0.412071 median_rhw=0.135285 median_pass=false p95_ms=0.708356 p95_rhw=0.171590 p95_pass=false
level=20 step=14 median_ms=0.432484 median_rhw=0.023515 median_pass=true p95_ms=0.834369 p95_rhw=0.063287 p95_pass=true
level=20 step=15 median_ms=0.433487 median_rhw=0.033852 median_pass=true p95_ms=0.826327 p95_rhw=0.081167 p95_pass=true
level=20 step=16 median_ms=0.434033 median_rhw=0.024462 median_pass=true p95_ms=0.770552 p95_rhw=0.072558 p95_pass=true
level=20 step=17 median_ms=0.423169 median_rhw=0.042636 median_pass=true p95_ms=0.781452 p95_rhw=0.099346 p95_pass=true
level=20 step=18 median_ms=0.420601 median_rhw=0.191930 median_pass=false p95_ms=0.779049 p95_rhw=0.207051 p95_pass=false
level=20 step=19 median_ms=0.433832 median_rhw=0.029945 median_pass=true p95_ms=0.757340 p95_rhw=0.084678 p95_pass=true
level=20 step=20 median_ms=0.438869 median_rhw=0.033973 median_pass=true p95_ms=0.785697 p95_rhw=0.088735 p95_pass=true
level=20 step=21 median_ms=0.425870 median_rhw=0.041722 median_pass=true p95_ms=0.742581 p95_rhw=0.081451 p95_pass=true
level=20 step=22 median_ms=0.424225 median_rhw=0.114806 median_pass=false p95_ms=0.789332 p95_rhw=0.077076 p95_pass=true
level=20 step=23 median_ms=0.420102 median_rhw=0.089216 median_pass=true p95_ms=0.712769 p95_rhw=0.222259 p95_pass=false
level=20 step=24 median_ms=0.434569 median_rhw=0.037255 median_pass=true p95_ms=0.781967 p95_rhw=0.121913 p95_pass=true
level=20 step=25 median_ms=0.428711 median_rhw=0.034329 median_pass=true p95_ms=0.768199 p95_rhw=0.116470 p95_pass=true
level=20 step=26 median_ms=0.430580 median_rhw=0.076024 median_pass=true p95_ms=0.802898 p95_rhw=0.119157 p95_pass=true
level=20 step=27 median_ms=0.440012 median_rhw=0.042802 median_pass=true p95_ms=0.795941 p95_rhw=0.122580 p95_pass=true
level=20 step=28 median_ms=0.429365 median_rhw=0.049869 median_pass=true p95_ms=0.784474 p95_rhw=0.164729 p95_pass=false
level=20 step=29 median_ms=0.422988 median_rhw=0.049027 median_pass=true p95_ms=0.770875 p95_rhw=0.077332 p95_pass=true
level=20 step=30 median_ms=0.437414 median_rhw=0.035277 median_pass=true p95_ms=0.789977 p95_rhw=0.083151 p95_pass=true
level=20 step=31 median_ms=0.439951 median_rhw=0.055137 median_pass=true p95_ms=0.781717 p95_rhw=0.175193 p95_pass=false
level=20 step=32 median_ms=0.436208 median_rhw=0.039390 median_pass=true p95_ms=0.786130 p95_rhw=0.080412 p95_pass=true
level=50 step=1 median_ms=0.551557 median_rhw=0.025033 median_pass=true p95_ms=0.938395 p95_rhw=0.061106 p95_pass=true
level=50 step=2 median_ms=0.470577 median_rhw=0.016163 median_pass=true p95_ms=0.849604 p95_rhw=0.056223 p95_pass=true
level=50 step=3 median_ms=0.450721 median_rhw=0.023974 median_pass=true p95_ms=0.810838 p95_rhw=0.055454 p95_pass=true
level=50 step=4 median_ms=0.445336 median_rhw=0.021209 median_pass=true p95_ms=0.820879 p95_rhw=0.059790 p95_pass=true
level=50 step=5 median_ms=0.443014 median_rhw=0.017300 median_pass=true p95_ms=0.838513 p95_rhw=0.064374 p95_pass=true
level=50 step=6 median_ms=0.436366 median_rhw=0.039536 median_pass=true p95_ms=0.786132 p95_rhw=0.078263 p95_pass=true
level=50 step=7 median_ms=0.432605 median_rhw=0.027058 median_pass=true p95_ms=0.782309 p95_rhw=0.055223 p95_pass=true
level=50 step=8 median_ms=0.437306 median_rhw=0.024904 median_pass=true p95_ms=0.829580 p95_rhw=0.062212 p95_pass=true
level=50 step=9 median_ms=0.430231 median_rhw=0.032230 median_pass=true p95_ms=0.828713 p95_rhw=0.077318 p95_pass=true
level=50 step=10 median_ms=0.433582 median_rhw=0.038571 median_pass=true p95_ms=0.805193 p95_rhw=0.083482 p95_pass=true
level=50 step=11 median_ms=0.436609 median_rhw=0.028512 median_pass=true p95_ms=0.794270 p95_rhw=0.076201 p95_pass=true
level=50 step=12 median_ms=0.420088 median_rhw=0.088331 median_pass=true p95_ms=0.756069 p95_rhw=0.197609 p95_pass=false
level=50 step=13 median_ms=0.410853 median_rhw=0.144025 median_pass=false p95_ms=0.734159 p95_rhw=0.103609 p95_pass=true
level=50 step=14 median_ms=0.430954 median_rhw=0.023649 median_pass=true p95_ms=0.811547 p95_rhw=0.055362 p95_pass=true
level=50 step=15 median_ms=0.432296 median_rhw=0.036965 median_pass=true p95_ms=0.802050 p95_rhw=0.094737 p95_pass=true
level=50 step=16 median_ms=0.433821 median_rhw=0.025740 median_pass=true p95_ms=0.835657 p95_rhw=0.072722 p95_pass=true
level=50 step=17 median_ms=0.423486 median_rhw=0.039383 median_pass=true p95_ms=0.784482 p95_rhw=0.098614 p95_pass=true
level=50 step=18 median_ms=0.420125 median_rhw=0.189750 median_pass=false p95_ms=0.772492 p95_rhw=0.231357 p95_pass=false
level=50 step=19 median_ms=0.434055 median_rhw=0.033094 median_pass=true p95_ms=0.784485 p95_rhw=0.064079 p95_pass=true
level=50 step=20 median_ms=0.438774 median_rhw=0.035619 median_pass=true p95_ms=0.795098 p95_rhw=0.080695 p95_pass=true
level=50 step=21 median_ms=0.428125 median_rhw=0.039782 median_pass=true p95_ms=0.777412 p95_rhw=0.099271 p95_pass=true
level=50 step=22 median_ms=0.425503 median_rhw=0.128241 median_pass=false p95_ms=0.787689 p95_rhw=0.081760 p95_pass=true
level=50 step=23 median_ms=0.422067 median_rhw=0.122142 median_pass=false p95_ms=0.732024 p95_rhw=0.186341 p95_pass=false
level=50 step=24 median_ms=0.435130 median_rhw=0.038436 median_pass=true p95_ms=0.782175 p95_rhw=0.078964 p95_pass=true
level=50 step=25 median_ms=0.432225 median_rhw=0.035434 median_pass=true p95_ms=0.787136 p95_rhw=0.074319 p95_pass=true
level=50 step=26 median_ms=0.431926 median_rhw=0.118588 median_pass=false p95_ms=0.761356 p95_rhw=0.191053 p95_pass=false
level=50 step=27 median_ms=0.441388 median_rhw=0.047182 median_pass=true p95_ms=0.834639 p95_rhw=0.095956 p95_pass=true
level=50 step=28 median_ms=0.431058 median_rhw=0.050041 median_pass=true p95_ms=0.787640 p95_rhw=0.088725 p95_pass=true
level=50 step=29 median_ms=0.425850 median_rhw=0.049271 median_pass=true p95_ms=0.806380 p95_rhw=0.103879 p95_pass=true
level=50 step=30 median_ms=0.440855 median_rhw=0.034869 median_pass=true p95_ms=0.782306 p95_rhw=0.070641 p95_pass=true
level=50 step=31 median_ms=0.438038 median_rhw=0.053994 median_pass=true p95_ms=0.763553 p95_rhw=0.221208 p95_pass=false
level=50 step=32 median_ms=0.437111 median_rhw=0.041276 median_pass=true p95_ms=0.772162 p95_rhw=0.112060 p95_pass=true
all_median_targets_met=false
all_p95_targets_met=false
all_precision_targets_met=false
failing_cell_count=38
stage20_sufficient=false
extension_to_stage30_required=true
next_stage=SA3_stage_30_generation
report_json=/workspaces/MCAD_improve3/reports/article_experiments/sensitivity/e3_controlled_execution/audits/objective_count/timing_stage20/precision_analysis/sa5_stage20_precision_report.json
intervals_csv=/workspaces/MCAD_improve3/reports/article_experiments/sensitivity/e3_controlled_execution/audits/objective_count/timing_stage20/precision_analysis/sa5_stage20_precision_intervals.csv
