preflight_request_start|index=1|template=AW_ATOM_COST|query_id=PREFLIGHT::AW_ATOM_COST|logical_sha256=071b2b794a255198e80cdfc6637241379abeaf7af54b90e9af59633d418269ce|physical_sha256=659282b3afcad9911c5e9a05929662ae59f90e2c46d5393be8a588f392d5af76
preflight_request_result|index=1|template=AW_ATOM_COST|http_status=200|validation_pass=true|backend_request_count=1|xmla_response_type=ExecuteResponse|row_count=None|body_sha256=b61abe4a1375081673001b19891d1b2fa96bc2856838bf2b97f635252685fac1
preflight_request_start|index=2|template=AW_ATOM_MARGIN|query_id=PREFLIGHT::AW_ATOM_MARGIN|logical_sha256=18c1b6f720b21d8df5014848a0f14854dc65dbe2d550656cdc7772fa41225fb1|physical_sha256=5d4e08971a80b3ad00f9033c640ad74cc2183dc5b55426d05e03bc7976d99b73
preflight_request_result|index=2|template=AW_ATOM_MARGIN|http_status=200|validation_pass=true|backend_request_count=1|xmla_response_type=ExecuteResponse|row_count=None|body_sha256=ac02c0b0a0b2fed1e097bd5c9f27f5173fef098ab40ae7043306f4a25bb88aeb
preflight_request_start|index=3|template=AW_ATOM_SALES|query_id=PREFLIGHT::AW_ATOM_SALES|logical_sha256=636f9472760e9dd80366d58b6af3547c9cd1b6c961b33b005d3cf7afb0114bea|physical_sha256=0c27dd7eb320a2561ac0fb95f1d00798a04dd9e2af6f9199498a639b5046c080
preflight_request_result|index=3|template=AW_ATOM_SALES|http_status=200|validation_pass=true|backend_request_count=1|xmla_response_type=ExecuteResponse|row_count=None|body_sha256=ffc2adfa53386f3110d7cbe6d4d9222bc15347900bbd748c17917f9565deff90
preflight_request_start|index=4|template=AW_BAD_GRAIN_YEAR|query_id=PREFLIGHT::AW_BAD_GRAIN_YEAR|logical_sha256=149043d18621295ea264cd9da6a58f79affe249cb64d19d6c0b746b03aa22172|physical_sha256=d5daf23977e75fe843e92c6634b162c773c2cfccb3604300ecdafcafea8bf82b
preflight_request_result|index=4|template=AW_BAD_GRAIN_YEAR|http_status=200|validation_pass=true|backend_request_count=1|xmla_response_type=ExecuteResponse|row_count=None|body_sha256=b2714e65611d4d60bbadcadff218cf5ac5a58aafaee30513d3b56258250ef9e8
preflight_request_start|index=5|template=AW_DISTRACTOR_ACCESSORIES_SALES|query_id=PREFLIGHT::AW_DISTRACTOR_ACCESSORIES_SALES|logical_sha256=fe1e6f4a076f7e63e0408ee5cb43f923e517046b3aba1bad48e462946497003f|physical_sha256=52882814eb5054243086db853900186758a0a0af437937bfdafbd13167c231b2
preflight_request_result|index=5|template=AW_DISTRACTOR_ACCESSORIES_SALES|http_status=200|validation_pass=true|backend_request_count=1|xmla_response_type=ExecuteResponse|row_count=None|body_sha256=865ca95deb1363f90ea2ba7126df9f31d68ec6c6625c61328c2a94f23ea945ec
preflight_request_start|index=6|template=AW_MIX_ACCESSORIES_SALES_COST|query_id=PREFLIGHT::AW_MIX_ACCESSORIES_SALES_COST|logical_sha256=b536e8c4f30c69f17c2a87332a5d2c9cf9cd318931548ef10cc989aa7dde4133|physical_sha256=ca8a6fb9fe66c1055e85ab14e9d2f8d48ed5bd760d4b154b4db463ce6f85c7a7
preflight_request_result|index=6|template=AW_MIX_ACCESSORIES_SALES_COST|http_status=200|validation_pass=true|backend_request_count=1|xmla_response_type=ExecuteResponse|row_count=None|body_sha256=7af8cea5978d6ed6a9b4accd69de7a5388e9b792974386b7839f1b812a305952
preflight_request_start|index=7|template=AW_PAIR_SALES_COST|query_id=PREFLIGHT::AW_PAIR_SALES_COST|logical_sha256=f7f79c1b84a526910a423062ff35fd9f0aed5cdd588818e53fa9176cca9c8361|physical_sha256=bf2a331b2a7a0f6ffb40f31c61400728a6d581cdf17c673547dd9e306e2c9a8e
preflight_request_result|index=7|template=AW_PAIR_SALES_COST|http_status=200|validation_pass=true|backend_request_count=1|xmla_response_type=ExecuteResponse|row_count=None|body_sha256=42f678079fcf8f5f458cdbb67eebd13423a58efccdd7397a803900024e3315df
preflight_template_attempts=7
preflight_template_passes=7
preflight_template_failures=0
preflight_total_full_execute_http_attempts=7
preflight_total_backend_request_count=7
preflight_gate_only_request_count=0
preflight_session_create_request_count=0
preflight_pass=true
