status=stage10_precision_targets_not_met
level=1 step=1 median_ms=0.528119 median_rhw=0.040738 median_pass=true p95_ms=0.967085 p95_rhw=0.079692 p95_pass=true
level=1 step=2 median_ms=0.470396 median_rhw=0.016921 median_pass=true p95_ms=0.920622 p95_rhw=0.061395 p95_pass=true
level=1 step=3 median_ms=0.453475 median_rhw=0.018121 median_pass=true p95_ms=0.866151 p95_rhw=0.079986 p95_pass=true
level=1 step=4 median_ms=0.446765 median_rhw=0.015706 median_pass=true p95_ms=0.855368 p95_rhw=0.060291 p95_pass=true
level=1 step=5 median_ms=0.448364 median_rhw=0.019104 median_pass=true p95_ms=0.874265 p95_rhw=0.065951 p95_pass=true
level=1 step=6 median_ms=0.445886 median_rhw=0.048277 median_pass=true p95_ms=0.883278 p95_rhw=0.157403 p95_pass=false
level=1 step=7 median_ms=0.436456 median_rhw=0.034239 median_pass=true p95_ms=0.837140 p95_rhw=0.078270 p95_pass=true
level=1 step=8 median_ms=0.442651 median_rhw=0.026189 median_pass=true p95_ms=0.862750 p95_rhw=0.041884 p95_pass=true
level=1 step=9 median_ms=0.437553 median_rhw=0.056712 median_pass=true p95_ms=0.838641 p95_rhw=0.119095 p95_pass=true
level=1 step=10 median_ms=0.449263 median_rhw=0.033981 median_pass=true p95_ms=0.867261 p95_rhw=0.060477 p95_pass=true
level=1 step=11 median_ms=0.443802 median_rhw=0.020426 median_pass=true p95_ms=0.868574 p95_rhw=0.094051 p95_pass=true
level=1 step=12 median_ms=0.434953 median_rhw=0.229452 median_pass=false p95_ms=0.869630 p95_rhw=0.206593 p95_pass=false
level=1 step=13 median_ms=0.308261 median_rhw=0.292211 median_pass=false p95_ms=0.641090 p95_rhw=0.162485 p95_pass=false
level=1 step=14 median_ms=0.432009 median_rhw=0.051255 median_pass=true p95_ms=0.846284 p95_rhw=0.082380 p95_pass=true
level=1 step=15 median_ms=0.441669 median_rhw=0.196754 median_pass=false p95_ms=0.853500 p95_rhw=0.207340 p95_pass=false
level=1 step=16 median_ms=0.442611 median_rhw=0.032926 median_pass=true p95_ms=0.856396 p95_rhw=0.081724 p95_pass=true
level=1 step=17 median_ms=0.433347 median_rhw=0.121571 median_pass=false p95_ms=0.795048 p95_rhw=0.194835 p95_pass=false
level=1 step=18 median_ms=0.430951 median_rhw=0.242109 median_pass=false p95_ms=0.811250 p95_rhw=0.237667 p95_pass=false
level=1 step=19 median_ms=0.440097 median_rhw=0.193044 median_pass=false p95_ms=0.828185 p95_rhw=0.207923 p95_pass=false
level=1 step=20 median_ms=0.485504 median_rhw=0.200258 median_pass=false p95_ms=0.943273 p95_rhw=0.115433 p95_pass=true
level=1 step=21 median_ms=0.442075 median_rhw=0.201110 median_pass=false p95_ms=0.813329 p95_rhw=0.231272 p95_pass=false
level=1 step=22 median_ms=0.433049 median_rhw=0.195850 median_pass=false p95_ms=0.788936 p95_rhw=0.189327 p95_pass=false
level=1 step=23 median_ms=0.431060 median_rhw=0.248067 median_pass=false p95_ms=0.750246 p95_rhw=0.276250 p95_pass=false
level=1 step=24 median_ms=0.439695 median_rhw=0.217946 median_pass=false p95_ms=0.837001 p95_rhw=0.225184 p95_pass=false
level=1 step=25 median_ms=0.444825 median_rhw=0.039106 median_pass=true p95_ms=0.849931 p95_rhw=0.079627 p95_pass=true
level=1 step=26 median_ms=0.442913 median_rhw=0.038509 median_pass=true p95_ms=0.852058 p95_rhw=0.108526 p95_pass=true
level=1 step=27 median_ms=0.451247 median_rhw=0.016921 median_pass=true p95_ms=0.901735 p95_rhw=0.063065 p95_pass=true
level=1 step=28 median_ms=0.448651 median_rhw=0.027653 median_pass=true p95_ms=0.870742 p95_rhw=0.149106 p95_pass=true
level=1 step=29 median_ms=0.425773 median_rhw=0.276247 median_pass=false p95_ms=0.810642 p95_rhw=0.241548 p95_pass=false
level=1 step=30 median_ms=0.444373 median_rhw=0.190493 median_pass=false p95_ms=0.859182 p95_rhw=0.182755 p95_pass=false
level=1 step=31 median_ms=0.440045 median_rhw=0.079319 median_pass=true p95_ms=0.738586 p95_rhw=0.269221 p95_pass=false
level=1 step=32 median_ms=0.440943 median_rhw=0.036894 median_pass=true p95_ms=0.836183 p95_rhw=0.096414 p95_pass=true
level=2 step=1 median_ms=0.532099 median_rhw=0.039441 median_pass=true p95_ms=0.947737 p95_rhw=0.085455 p95_pass=true
level=2 step=2 median_ms=0.472755 median_rhw=0.016749 median_pass=true p95_ms=0.915585 p95_rhw=0.047468 p95_pass=true
level=2 step=3 median_ms=0.453236 median_rhw=0.021846 median_pass=true p95_ms=0.888904 p95_rhw=0.062557 p95_pass=true
level=2 step=4 median_ms=0.450204 median_rhw=0.020943 median_pass=true p95_ms=0.882576 p95_rhw=0.050986 p95_pass=true
level=2 step=5 median_ms=0.449604 median_rhw=0.016602 median_pass=true p95_ms=0.867916 p95_rhw=0.057627 p95_pass=true
level=2 step=6 median_ms=0.445231 median_rhw=0.042113 median_pass=true p95_ms=0.866808 p95_rhw=0.151612 p95_pass=false
level=2 step=7 median_ms=0.434524 median_rhw=0.034466 median_pass=true p95_ms=0.814760 p95_rhw=0.075483 p95_pass=true
level=2 step=8 median_ms=0.495090 median_rhw=0.047002 median_pass=true p95_ms=0.964196 p95_rhw=0.052917 p95_pass=true
level=2 step=9 median_ms=0.444893 median_rhw=0.087922 median_pass=true p95_ms=0.911390 p95_rhw=0.216957 p95_pass=false
level=2 step=10 median_ms=0.448771 median_rhw=0.043826 median_pass=true p95_ms=0.858701 p95_rhw=0.108335 p95_pass=true
level=2 step=11 median_ms=0.443713 median_rhw=0.021318 median_pass=true p95_ms=0.857085 p95_rhw=0.072474 p95_pass=true
level=2 step=12 median_ms=0.436460 median_rhw=0.183155 median_pass=false p95_ms=0.833325 p95_rhw=0.190003 p95_pass=false
level=2 step=13 median_ms=0.307330 median_rhw=0.290388 median_pass=false p95_ms=0.620412 p95_rhw=0.242069 p95_pass=false
level=2 step=14 median_ms=0.431706 median_rhw=0.044617 median_pass=true p95_ms=0.853196 p95_rhw=0.094094 p95_pass=true
level=2 step=15 median_ms=0.439832 median_rhw=0.194616 median_pass=false p95_ms=0.855162 p95_rhw=0.225115 p95_pass=false
level=2 step=16 median_ms=0.442056 median_rhw=0.032021 median_pass=true p95_ms=0.855646 p95_rhw=0.075355 p95_pass=true
level=2 step=17 median_ms=0.434365 median_rhw=0.162272 median_pass=false p95_ms=0.827483 p95_rhw=0.186658 p95_pass=false
level=2 step=18 median_ms=0.429864 median_rhw=0.244428 median_pass=false p95_ms=0.806192 p95_rhw=0.241624 p95_pass=false
level=2 step=19 median_ms=0.437749 median_rhw=0.230187 median_pass=false p95_ms=0.803628 p95_rhw=0.250612 p95_pass=false
level=2 step=20 median_ms=0.441542 median_rhw=0.179913 median_pass=false p95_ms=0.852005 p95_rhw=0.175640 p95_pass=false
level=2 step=21 median_ms=0.438219 median_rhw=0.193198 median_pass=false p95_ms=0.809966 p95_rhw=0.213739 p95_pass=false
level=2 step=22 median_ms=0.431977 median_rhw=0.190439 median_pass=false p95_ms=0.806874 p95_rhw=0.177839 p95_pass=false
level=2 step=23 median_ms=0.432870 median_rhw=0.248177 median_pass=false p95_ms=0.805225 p95_rhw=0.243713 p95_pass=false
level=2 step=24 median_ms=0.438867 median_rhw=0.216905 median_pass=false p95_ms=0.845001 p95_rhw=0.231112 p95_pass=false
level=2 step=25 median_ms=0.443214 median_rhw=0.039453 median_pass=true p95_ms=0.845887 p95_rhw=0.125860 p95_pass=true
level=2 step=26 median_ms=0.444462 median_rhw=0.038662 median_pass=true p95_ms=0.845643 p95_rhw=0.127791 p95_pass=true
level=2 step=27 median_ms=0.449566 median_rhw=0.020214 median_pass=true p95_ms=0.891893 p95_rhw=0.092062 p95_pass=true
level=2 step=28 median_ms=0.446602 median_rhw=0.027336 median_pass=true p95_ms=0.846601 p95_rhw=0.094717 p95_pass=true
level=2 step=29 median_ms=0.427479 median_rhw=0.276141 median_pass=false p95_ms=0.820875 p95_rhw=0.234111 p95_pass=false
level=2 step=30 median_ms=0.443972 median_rhw=0.166245 median_pass=false p95_ms=0.860960 p95_rhw=0.139748 p95_pass=true
level=2 step=31 median_ms=0.440611 median_rhw=0.071243 median_pass=true p95_ms=0.845367 p95_rhw=0.232331 p95_pass=false
level=2 step=32 median_ms=0.444559 median_rhw=0.036083 median_pass=true p95_ms=0.859626 p95_rhw=0.075429 p95_pass=true
level=5 step=1 median_ms=0.538941 median_rhw=0.032341 median_pass=true p95_ms=0.953978 p95_rhw=0.114154 p95_pass=true
level=5 step=2 median_ms=0.472909 median_rhw=0.015787 median_pass=true p95_ms=0.918092 p95_rhw=0.056378 p95_pass=true
level=5 step=3 median_ms=0.456006 median_rhw=0.019129 median_pass=true p95_ms=0.893147 p95_rhw=0.031126 p95_pass=true
level=5 step=4 median_ms=0.447908 median_rhw=0.017103 median_pass=true p95_ms=0.840401 p95_rhw=0.058960 p95_pass=true
level=5 step=5 median_ms=0.448511 median_rhw=0.019325 median_pass=true p95_ms=0.868316 p95_rhw=0.082486 p95_pass=true
level=5 step=6 median_ms=0.446862 median_rhw=0.046245 median_pass=true p95_ms=0.886530 p95_rhw=0.064580 p95_pass=true
level=5 step=7 median_ms=0.435951 median_rhw=0.032410 median_pass=true p95_ms=0.839457 p95_rhw=0.090611 p95_pass=true
level=5 step=8 median_ms=0.442771 median_rhw=0.026818 median_pass=true p95_ms=0.850998 p95_rhw=0.068212 p95_pass=true
level=5 step=9 median_ms=0.437623 median_rhw=0.052603 median_pass=true p95_ms=0.847970 p95_rhw=0.097742 p95_pass=true
level=5 step=10 median_ms=0.448702 median_rhw=0.033016 median_pass=true p95_ms=0.849824 p95_rhw=0.082578 p95_pass=true
level=5 step=11 median_ms=0.443939 median_rhw=0.020116 median_pass=true p95_ms=0.884011 p95_rhw=0.094663 p95_pass=true
level=5 step=12 median_ms=0.435450 median_rhw=0.221684 median_pass=false p95_ms=0.821991 p95_rhw=0.175564 p95_pass=false
level=5 step=13 median_ms=0.306736 median_rhw=0.294232 median_pass=false p95_ms=0.623382 p95_rhw=0.228104 p95_pass=false
level=5 step=14 median_ms=0.431021 median_rhw=0.041684 median_pass=true p95_ms=0.838297 p95_rhw=0.092404 p95_pass=true
level=5 step=15 median_ms=0.438836 median_rhw=0.165801 median_pass=false p95_ms=0.854719 p95_rhw=0.149133 p95_pass=true
level=5 step=16 median_ms=0.440790 median_rhw=0.033846 median_pass=true p95_ms=0.851953 p95_rhw=0.083894 p95_pass=true
level=5 step=17 median_ms=0.432412 median_rhw=0.160459 median_pass=false p95_ms=0.795640 p95_rhw=0.238710 p95_pass=false
level=5 step=18 median_ms=0.431067 median_rhw=0.245998 median_pass=false p95_ms=0.829281 p95_rhw=0.247236 p95_pass=false
level=5 step=19 median_ms=0.435777 median_rhw=0.243198 median_pass=false p95_ms=0.757242 p95_rhw=0.241970 p95_pass=false
level=5 step=20 median_ms=0.438874 median_rhw=0.177001 median_pass=false p95_ms=0.851170 p95_rhw=0.179874 p95_pass=false
level=5 step=21 median_ms=0.440082 median_rhw=0.165122 median_pass=false p95_ms=0.797562 p95_rhw=0.204881 p95_pass=false
level=5 step=22 median_ms=0.433964 median_rhw=0.190169 median_pass=false p95_ms=0.821071 p95_rhw=0.188071 p95_pass=false
level=5 step=23 median_ms=0.431706 median_rhw=0.250382 median_pass=false p95_ms=0.794667 p95_rhw=0.260910 p95_pass=false
level=5 step=24 median_ms=0.436943 median_rhw=0.216041 median_pass=false p95_ms=0.847401 p95_rhw=0.227909 p95_pass=false
level=5 step=25 median_ms=0.444324 median_rhw=0.041788 median_pass=true p95_ms=0.851872 p95_rhw=0.097048 p95_pass=true
level=5 step=26 median_ms=0.442832 median_rhw=0.039848 median_pass=true p95_ms=0.871009 p95_rhw=0.116271 p95_pass=true
level=5 step=27 median_ms=0.448034 median_rhw=0.017168 median_pass=true p95_ms=0.883022 p95_rhw=0.079250 p95_pass=true
level=5 step=28 median_ms=0.445908 median_rhw=0.028899 median_pass=true p95_ms=0.863786 p95_rhw=0.081437 p95_pass=true
level=5 step=29 median_ms=0.427195 median_rhw=0.273778 median_pass=false p95_ms=0.836288 p95_rhw=0.237058 p95_pass=false
level=5 step=30 median_ms=0.439845 median_rhw=0.190097 median_pass=false p95_ms=0.840701 p95_rhw=0.181827 p95_pass=false
level=5 step=31 median_ms=0.440107 median_rhw=0.070267 median_pass=true p95_ms=0.829795 p95_rhw=0.225977 p95_pass=false
level=5 step=32 median_ms=0.440499 median_rhw=0.037060 median_pass=true p95_ms=0.855047 p95_rhw=0.081195 p95_pass=true
level=10 step=1 median_ms=0.543759 median_rhw=0.035795 median_pass=true p95_ms=0.964195 p95_rhw=0.106055 p95_pass=true
level=10 step=2 median_ms=0.476614 median_rhw=0.016597 median_pass=true p95_ms=0.917768 p95_rhw=0.070931 p95_pass=true
level=10 step=3 median_ms=0.453698 median_rhw=0.019881 median_pass=true p95_ms=0.861636 p95_rhw=0.067637 p95_pass=true
level=10 step=4 median_ms=0.447252 median_rhw=0.019288 median_pass=true p95_ms=0.874277 p95_rhw=0.065435 p95_pass=true
level=10 step=5 median_ms=0.448821 median_rhw=0.018960 median_pass=true p95_ms=0.853248 p95_rhw=0.071062 p95_pass=true
level=10 step=6 median_ms=0.445717 median_rhw=0.048495 median_pass=true p95_ms=0.875840 p95_rhw=0.105947 p95_pass=true
level=10 step=7 median_ms=0.436527 median_rhw=0.031935 median_pass=true p95_ms=0.851510 p95_rhw=0.105627 p95_pass=true
level=10 step=8 median_ms=0.442586 median_rhw=0.026059 median_pass=true p95_ms=0.845019 p95_rhw=0.066531 p95_pass=true
level=10 step=9 median_ms=0.438749 median_rhw=0.067567 median_pass=true p95_ms=0.863122 p95_rhw=0.097376 p95_pass=true
level=10 step=10 median_ms=0.448945 median_rhw=0.030396 median_pass=true p95_ms=0.853872 p95_rhw=0.068318 p95_pass=true
level=10 step=11 median_ms=0.443087 median_rhw=0.021275 median_pass=true p95_ms=0.855125 p95_rhw=0.056450 p95_pass=true
level=10 step=12 median_ms=0.435692 median_rhw=0.222974 median_pass=false p95_ms=0.827370 p95_rhw=0.229912 p95_pass=false
level=10 step=13 median_ms=0.305921 median_rhw=0.285399 median_pass=false p95_ms=0.680819 p95_rhw=0.208549 p95_pass=false
level=10 step=14 median_ms=0.433502 median_rhw=0.044570 median_pass=true p95_ms=0.834525 p95_rhw=0.103064 p95_pass=true
level=10 step=15 median_ms=0.440555 median_rhw=0.193163 median_pass=false p95_ms=0.820408 p95_rhw=0.202720 p95_pass=false
level=10 step=16 median_ms=0.440524 median_rhw=0.033197 median_pass=true p95_ms=0.826890 p95_rhw=0.117540 p95_pass=true
level=10 step=17 median_ms=0.433964 median_rhw=0.161495 median_pass=false p95_ms=0.764591 p95_rhw=0.154555 p95_pass=false
level=10 step=18 median_ms=0.432113 median_rhw=0.245907 median_pass=false p95_ms=0.789170 p95_rhw=0.256412 p95_pass=false
level=10 step=19 median_ms=0.437878 median_rhw=0.252089 median_pass=false p95_ms=0.823088 p95_rhw=0.259191 p95_pass=false
level=10 step=20 median_ms=0.439771 median_rhw=0.181257 median_pass=false p95_ms=0.858489 p95_rhw=0.178278 p95_pass=false
level=10 step=21 median_ms=0.441014 median_rhw=0.197194 median_pass=false p95_ms=0.806482 p95_rhw=0.211746 p95_pass=false
level=10 step=22 median_ms=0.429107 median_rhw=0.188101 median_pass=false p95_ms=0.796750 p95_rhw=0.190639 p95_pass=false
level=10 step=23 median_ms=0.432054 median_rhw=0.254946 median_pass=false p95_ms=0.765371 p95_rhw=0.236609 p95_pass=false
level=10 step=24 median_ms=0.436936 median_rhw=0.214855 median_pass=false p95_ms=0.843927 p95_rhw=0.213052 p95_pass=false
level=10 step=25 median_ms=0.442337 median_rhw=0.039391 median_pass=true p95_ms=0.860809 p95_rhw=0.093399 p95_pass=true
level=10 step=26 median_ms=0.442159 median_rhw=0.041207 median_pass=true p95_ms=0.867634 p95_rhw=0.125191 p95_pass=true
level=10 step=27 median_ms=0.448145 median_rhw=0.017258 median_pass=true p95_ms=0.891289 p95_rhw=0.070158 p95_pass=true
level=10 step=28 median_ms=0.446479 median_rhw=0.028429 median_pass=true p95_ms=0.857443 p95_rhw=0.078528 p95_pass=true
level=10 step=29 median_ms=0.426391 median_rhw=0.276358 median_pass=false p95_ms=0.818638 p95_rhw=0.237597 p95_pass=false
level=10 step=30 median_ms=0.441581 median_rhw=0.188827 median_pass=false p95_ms=0.850609 p95_rhw=0.180812 p95_pass=false
level=10 step=31 median_ms=0.440713 median_rhw=0.177002 median_pass=false p95_ms=0.829632 p95_rhw=0.220096 p95_pass=false
level=10 step=32 median_ms=0.440362 median_rhw=0.039286 median_pass=true p95_ms=0.842937 p95_rhw=0.088619 p95_pass=true
level=20 step=1 median_ms=0.548396 median_rhw=0.035379 median_pass=true p95_ms=0.939585 p95_rhw=0.078683 p95_pass=true
level=20 step=2 median_ms=0.473077 median_rhw=0.015224 median_pass=true p95_ms=0.899391 p95_rhw=0.042845 p95_pass=true
level=20 step=3 median_ms=0.454216 median_rhw=0.018829 median_pass=true p95_ms=0.866170 p95_rhw=0.055416 p95_pass=true
level=20 step=4 median_ms=0.450553 median_rhw=0.016556 median_pass=true p95_ms=0.867814 p95_rhw=0.051747 p95_pass=true
level=20 step=5 median_ms=0.449456 median_rhw=0.017426 median_pass=true p95_ms=0.844535 p95_rhw=0.062189 p95_pass=true
level=20 step=6 median_ms=0.447049 median_rhw=0.041277 median_pass=true p95_ms=0.859369 p95_rhw=0.187579 p95_pass=false
level=20 step=7 median_ms=0.436201 median_rhw=0.035280 median_pass=true p95_ms=0.808922 p95_rhw=0.190919 p95_pass=false
level=20 step=8 median_ms=0.442179 median_rhw=0.025448 median_pass=true p95_ms=0.876550 p95_rhw=0.062444 p95_pass=true
level=20 step=9 median_ms=0.440623 median_rhw=0.051564 median_pass=true p95_ms=0.880806 p95_rhw=0.082646 p95_pass=true
level=20 step=10 median_ms=0.449165 median_rhw=0.045270 median_pass=true p95_ms=0.872697 p95_rhw=0.085644 p95_pass=true
level=20 step=11 median_ms=0.444654 median_rhw=0.023437 median_pass=true p95_ms=0.843581 p95_rhw=0.080209 p95_pass=true
level=20 step=12 median_ms=0.436866 median_rhw=0.221174 median_pass=false p95_ms=0.784181 p95_rhw=0.220380 p95_pass=false
level=20 step=13 median_ms=0.308151 median_rhw=0.291185 median_pass=false p95_ms=0.609953 p95_rhw=0.235421 p95_pass=false
level=20 step=14 median_ms=0.434227 median_rhw=0.040893 median_pass=true p95_ms=0.860754 p95_rhw=0.085878 p95_pass=true
level=20 step=15 median_ms=0.441621 median_rhw=0.195243 median_pass=false p95_ms=0.864346 p95_rhw=0.124975 p95_pass=true
level=20 step=16 median_ms=0.441566 median_rhw=0.034358 median_pass=true p95_ms=0.840811 p95_rhw=0.086038 p95_pass=true
level=20 step=17 median_ms=0.434237 median_rhw=0.164621 median_pass=false p95_ms=0.831713 p95_rhw=0.183978 p95_pass=false
level=20 step=18 median_ms=0.433086 median_rhw=0.248044 median_pass=false p95_ms=0.805870 p95_rhw=0.236714 p95_pass=false
level=20 step=19 median_ms=0.438598 median_rhw=0.212517 median_pass=false p95_ms=0.797713 p95_rhw=0.257344 p95_pass=false
level=20 step=20 median_ms=0.442067 median_rhw=0.182758 median_pass=false p95_ms=0.830477 p95_rhw=0.181443 p95_pass=false
level=20 step=21 median_ms=0.441001 median_rhw=0.207582 median_pass=false p95_ms=0.805444 p95_rhw=0.201690 p95_pass=false
level=20 step=22 median_ms=0.435473 median_rhw=0.185394 median_pass=false p95_ms=0.837644 p95_rhw=0.149034 p95_pass=true
level=20 step=23 median_ms=0.432450 median_rhw=0.245428 median_pass=false p95_ms=0.730689 p95_rhw=0.287879 p95_pass=false
level=20 step=24 median_ms=0.439882 median_rhw=0.214222 median_pass=false p95_ms=0.800922 p95_rhw=0.247338 p95_pass=false
level=20 step=25 median_ms=0.442780 median_rhw=0.037747 median_pass=true p95_ms=0.808357 p95_rhw=0.201775 p95_pass=false
level=20 step=26 median_ms=0.445152 median_rhw=0.039686 median_pass=true p95_ms=0.859067 p95_rhw=0.077411 p95_pass=true
level=20 step=27 median_ms=0.449005 median_rhw=0.015609 median_pass=true p95_ms=0.863334 p95_rhw=0.078015 p95_pass=true
level=20 step=28 median_ms=0.447640 median_rhw=0.031461 median_pass=true p95_ms=0.862733 p95_rhw=0.084629 p95_pass=true
level=20 step=29 median_ms=0.424577 median_rhw=0.278773 median_pass=false p95_ms=0.809639 p95_rhw=0.236640 p95_pass=false
level=20 step=30 median_ms=0.443526 median_rhw=0.188096 median_pass=false p95_ms=0.863211 p95_rhw=0.120250 p95_pass=true
level=20 step=31 median_ms=0.442837 median_rhw=0.063624 median_pass=true p95_ms=0.776307 p95_rhw=0.224259 p95_pass=false
level=20 step=32 median_ms=0.441919 median_rhw=0.037053 median_pass=true p95_ms=0.840890 p95_rhw=0.082429 p95_pass=true
level=50 step=1 median_ms=0.555632 median_rhw=0.036770 median_pass=true p95_ms=0.990966 p95_rhw=0.055814 p95_pass=true
level=50 step=2 median_ms=0.475236 median_rhw=0.016533 median_pass=true p95_ms=0.890972 p95_rhw=0.059497 p95_pass=true
level=50 step=3 median_ms=0.456494 median_rhw=0.017052 median_pass=true p95_ms=0.858840 p95_rhw=0.069061 p95_pass=true
level=50 step=4 median_ms=0.448064 median_rhw=0.019378 median_pass=true p95_ms=0.860738 p95_rhw=0.049719 p95_pass=true
level=50 step=5 median_ms=0.450387 median_rhw=0.017316 median_pass=true p95_ms=0.886052 p95_rhw=0.053080 p95_pass=true
level=50 step=6 median_ms=0.446256 median_rhw=0.041501 median_pass=true p95_ms=0.813178 p95_rhw=0.172699 p95_pass=false
level=50 step=7 median_ms=0.437538 median_rhw=0.033080 median_pass=true p95_ms=0.813859 p95_rhw=0.076132 p95_pass=true
level=50 step=8 median_ms=0.443794 median_rhw=0.027407 median_pass=true p95_ms=0.872939 p95_rhw=0.045228 p95_pass=true
level=50 step=9 median_ms=0.437536 median_rhw=0.065181 median_pass=true p95_ms=0.861272 p95_rhw=0.091151 p95_pass=true
level=50 step=10 median_ms=0.448507 median_rhw=0.040470 median_pass=true p95_ms=0.867379 p95_rhw=0.083334 p95_pass=true
level=50 step=11 median_ms=0.443622 median_rhw=0.020628 median_pass=true p95_ms=0.867709 p95_rhw=0.080651 p95_pass=true
level=50 step=12 median_ms=0.436704 median_rhw=0.226752 median_pass=false p95_ms=0.813083 p95_rhw=0.245053 p95_pass=false
level=50 step=13 median_ms=0.306750 median_rhw=0.293485 median_pass=false p95_ms=0.661208 p95_rhw=0.250522 p95_pass=false
level=50 step=14 median_ms=0.431462 median_rhw=0.043491 median_pass=true p95_ms=0.847633 p95_rhw=0.079814 p95_pass=true
level=50 step=15 median_ms=0.441497 median_rhw=0.192157 median_pass=false p95_ms=0.865993 p95_rhw=0.215077 p95_pass=false
level=50 step=16 median_ms=0.443215 median_rhw=0.034700 median_pass=true p95_ms=0.875064 p95_rhw=0.069103 p95_pass=true
level=50 step=17 median_ms=0.435081 median_rhw=0.153420 median_pass=false p95_ms=0.854386 p95_rhw=0.153196 p95_pass=false
level=50 step=18 median_ms=0.435461 median_rhw=0.243889 median_pass=false p95_ms=0.832243 p95_rhw=0.228801 p95_pass=false
level=50 step=19 median_ms=0.441958 median_rhw=0.243939 median_pass=false p95_ms=0.787692 p95_rhw=0.231534 p95_pass=false
level=50 step=20 median_ms=0.442469 median_rhw=0.180227 median_pass=false p95_ms=0.846016 p95_rhw=0.170480 p95_pass=false
level=50 step=21 median_ms=0.441133 median_rhw=0.196915 median_pass=false p95_ms=0.859451 p95_rhw=0.218486 p95_pass=false
level=50 step=22 median_ms=0.436126 median_rhw=0.190608 median_pass=false p95_ms=0.832900 p95_rhw=0.174139 p95_pass=false
level=50 step=23 median_ms=0.433209 median_rhw=0.242088 median_pass=false p95_ms=0.753995 p95_rhw=0.223052 p95_pass=false
level=50 step=24 median_ms=0.440061 median_rhw=0.215327 median_pass=false p95_ms=0.785767 p95_rhw=0.221046 p95_pass=false
level=50 step=25 median_ms=0.444420 median_rhw=0.039711 median_pass=true p95_ms=0.838180 p95_rhw=0.120038 p95_pass=true
level=50 step=26 median_ms=0.445317 median_rhw=0.042781 median_pass=true p95_ms=0.855378 p95_rhw=0.110424 p95_pass=true
level=50 step=27 median_ms=0.451074 median_rhw=0.015877 median_pass=true p95_ms=0.894225 p95_rhw=0.037600 p95_pass=true
level=50 step=28 median_ms=0.449510 median_rhw=0.022746 median_pass=true p95_ms=0.853836 p95_rhw=0.053845 p95_pass=true
level=50 step=29 median_ms=0.429251 median_rhw=0.277761 median_pass=false p95_ms=0.875440 p95_rhw=0.222863 p95_pass=false
level=50 step=30 median_ms=0.445911 median_rhw=0.179239 median_pass=false p95_ms=0.838947 p95_rhw=0.165432 p95_pass=false
level=50 step=31 median_ms=0.442966 median_rhw=0.121582 median_pass=false p95_ms=0.763553 p95_rhw=0.252604 p95_pass=false
level=50 step=32 median_ms=0.443562 median_rhw=0.038461 median_pass=true p95_ms=0.836390 p95_rhw=0.103164 p95_pass=true
all_median_targets_met=false
all_p95_targets_met=false
all_precision_targets_met=false
failing_cell_count=91
stage10_sufficient=false
extension_to_stage20_required=true
next_stage=SA3_stage_20_generation
report_json=/workspaces/MCAD_improve3/reports/article_experiments/sensitivity/e3_controlled_execution/audits/objective_count/timing_stage10/precision_analysis/sa5_final_precision_report.json
intervals_csv=/workspaces/MCAD_improve3/reports/article_experiments/sensitivity/e3_controlled_execution/audits/objective_count/timing_stage10/precision_analysis/sa5_final_precision_intervals.csv
